{
    "-profile test": {
        "content": [
            {
                "CUSTOM_GETCHROMSIZES": {
                    "getchromsizes": 1.21
                },
                "FASTATOTWOBIT": {
                    "FaToTwoBit": "v2025-09-10"
                },
                "GUNZIP_FASTA": {
                    "gunzip": 1.13
                },
                "GUNZIP_GTF": {
                    "gunzip": 1.13
                },
                "SAMTOOLS_FLAGSTAT": {
                    "samtools": 1.21
                },
                "SAMTOOLS_IDXSTATS": {
                    "samtools": 1.21
                },
                "SAMTOOLS_INDEX": {
                    "samtools": 1.21
                },
                "SAMTOOLS_SORT": {
                    "samtools": 1.21
                },
                "SAMTOOLS_STATS": {
                    "samtools": 1.21
                },
                "STAR_FIRST_ALIGN": {
                    "star": "2.7.11b",
                    "samtools": 1.21,
                    "gawk": "5.1.0"
                },
                "STAR_GENOMEGENERATE": {
                    "star": "2.7.11b",
                    "samtools": 1.21,
                    "gawk": "5.1.0"
                },
                "STAR_WITH_NOVEL_JUNCT": {
                    "star": "2.7.11b",
                    "samtools": 1.21,
                    "gawk": "5.1.0"
                },
                "Workflow": {
                    "nfdata-omics/r2t2p": "v0.1.0dev"
                }
            },
            [
                "first_pass",
                "first_pass/rep1_0h",
                "first_pass/rep1_0h/firstpass_junctions.txt",
                "first_pass/rep1_0h/rep1_0h.bam",
                "first_pass/rep1_0h/rep1_0h.bam.bai",
                "first_pass/rep1_0h/rep1_0h.first_pass.Log.final.out",
                "first_pass/rep1_0h/rep1_0h.first_pass.Log.out",
                "first_pass/rep1_0h/rep1_0h.first_pass.Log.progress.out",
                "first_pass/rep1_0h/rep1_0h.first_pass.SJ.out.tab",
                "first_pass/rep1_0h/rep1_0h.first_pass.flagstat",
                "first_pass/rep1_0h/rep1_0h.first_pass.idxstats",
                "first_pass/rep1_0h/rep1_0h.first_pass.stats",
                "first_pass/rep1_14h",
                "first_pass/rep1_14h/firstpass_junctions.txt",
                "first_pass/rep1_14h/rep1_14h.bam",
                "first_pass/rep1_14h/rep1_14h.bam.bai",
                "first_pass/rep1_14h/rep1_14h.first_pass.Log.final.out",
                "first_pass/rep1_14h/rep1_14h.first_pass.Log.out",
                "first_pass/rep1_14h/rep1_14h.first_pass.Log.progress.out",
                "first_pass/rep1_14h/rep1_14h.first_pass.SJ.out.tab",
                "first_pass/rep1_14h/rep1_14h.first_pass.flagstat",
                "first_pass/rep1_14h/rep1_14h.first_pass.idxstats",
                "first_pass/rep1_14h/rep1_14h.first_pass.stats",
                "first_pass/rep2_0h",
                "first_pass/rep2_0h/firstpass_junctions.txt",
                "first_pass/rep2_0h/rep2_0h.bam",
                "first_pass/rep2_0h/rep2_0h.bam.bai",
                "first_pass/rep2_0h/rep2_0h.first_pass.Log.final.out",
                "first_pass/rep2_0h/rep2_0h.first_pass.Log.out",
                "first_pass/rep2_0h/rep2_0h.first_pass.Log.progress.out",
                "first_pass/rep2_0h/rep2_0h.first_pass.SJ.out.tab",
                "first_pass/rep2_0h/rep2_0h.first_pass.flagstat",
                "first_pass/rep2_0h/rep2_0h.first_pass.idxstats",
                "first_pass/rep2_0h/rep2_0h.first_pass.stats",
                "first_pass/rep2_14h",
                "first_pass/rep2_14h/firstpass_junctions.txt",
                "first_pass/rep2_14h/rep2_14h.bam",
                "first_pass/rep2_14h/rep2_14h.bam.bai",
                "first_pass/rep2_14h/rep2_14h.first_pass.Log.final.out",
                "first_pass/rep2_14h/rep2_14h.first_pass.Log.out",
                "first_pass/rep2_14h/rep2_14h.first_pass.Log.progress.out",
                "first_pass/rep2_14h/rep2_14h.first_pass.SJ.out.tab",
                "first_pass/rep2_14h/rep2_14h.first_pass.flagstat",
                "first_pass/rep2_14h/rep2_14h.first_pass.idxstats",
                "first_pass/rep2_14h/rep2_14h.first_pass.stats",
                "genome",
                "genome/star",
                "genome/star/Genome",
                "genome/star/Log.out",
                "genome/star/SA",
                "genome/star/SAindex",
                "genome/star/chrLength.txt",
                "genome/star/chrName.txt",
                "genome/star/chrNameLength.txt",
                "genome/star/chrStart.txt",
                "genome/star/genomeParameters.txt",
                "multiqc",
                "multiqc/multiqc_data",
                "multiqc/multiqc_data/gffcompare_accuracy_plot_Base-1.txt",
                "multiqc/multiqc_data/gffcompare_accuracy_plot_Base.txt",
                "multiqc/multiqc_data/gffcompare_accuracy_plot_Exon-1.txt",
                "multiqc/multiqc_data/gffcompare_accuracy_plot_Exon.txt",
                "multiqc/multiqc_data/gffcompare_accuracy_plot_Intron-1.txt",
                "multiqc/multiqc_data/gffcompare_accuracy_plot_Intron.txt",
                "multiqc/multiqc_data/gffcompare_accuracy_plot_Intron_chain-1.txt",
                "multiqc/multiqc_data/gffcompare_accuracy_plot_Intron_chain.txt",
                "multiqc/multiqc_data/gffcompare_accuracy_plot_Locus-1.txt",
                "multiqc/multiqc_data/gffcompare_accuracy_plot_Locus.txt",
                "multiqc/multiqc_data/gffcompare_accuracy_plot_Transcript-1.txt",
                "multiqc/multiqc_data/gffcompare_accuracy_plot_Transcript.txt",
                "multiqc/multiqc_data/gffcompare_missing_plot_Exons-1.txt",
                "multiqc/multiqc_data/gffcompare_missing_plot_Exons.txt",
                "multiqc/multiqc_data/gffcompare_missing_plot_Introns-1.txt",
                "multiqc/multiqc_data/gffcompare_missing_plot_Introns.txt",
                "multiqc/multiqc_data/gffcompare_missing_plot_Loci-1.txt",
                "multiqc/multiqc_data/gffcompare_missing_plot_Loci.txt",
                "multiqc/multiqc_data/gffcompare_novel_plot_Exons-1.txt",
                "multiqc/multiqc_data/gffcompare_novel_plot_Exons.txt",
                "multiqc/multiqc_data/gffcompare_novel_plot_Introns-1.txt",
                "multiqc/multiqc_data/gffcompare_novel_plot_Introns.txt",
                "multiqc/multiqc_data/gffcompare_novel_plot_Loci-1.txt",
                "multiqc/multiqc_data/gffcompare_novel_plot_Loci.txt",
                "multiqc/multiqc_data/llms-full.txt",
                "multiqc/multiqc_data/multiqc.log",
                "multiqc/multiqc_data/multiqc.parquet",
                "multiqc/multiqc_data/multiqc_citations.txt",
                "multiqc/multiqc_data/multiqc_data.json",
                "multiqc/multiqc_data/multiqc_general_stats.txt",
                "multiqc/multiqc_data/multiqc_gffcompare_gffcompare_reference.txt",
                "multiqc/multiqc_data/multiqc_gffcompare_gffcompare_user_provided.txt",
                "multiqc/multiqc_data/multiqc_samtools_flagstat_samtools_firstpass.txt",
                "multiqc/multiqc_data/multiqc_samtools_flagstat_samtools_secondpass.txt",
                "multiqc/multiqc_data/multiqc_samtools_idxstats_samtools_firstpass.txt",
                "multiqc/multiqc_data/multiqc_samtools_idxstats_samtools_secondpass.txt",
                "multiqc/multiqc_data/multiqc_samtools_stats_samtools_firstpass.txt",
                "multiqc/multiqc_data/multiqc_samtools_stats_samtools_secondpass.txt",
                "multiqc/multiqc_data/multiqc_software_versions.txt",
                "multiqc/multiqc_data/multiqc_sources.txt",
                "multiqc/multiqc_data/multiqc_star_star_firstpass.txt",
                "multiqc/multiqc_data/multiqc_star_star_secondpass.txt",
                "multiqc/multiqc_data/samtools-flagstat-pct-table.txt",
                "multiqc/multiqc_data/samtools-flagstat-table.txt",
                "multiqc/multiqc_data/samtools-idxstats-mapped-reads-plot_Normalised_Counts-1.txt",
                "multiqc/multiqc_data/samtools-idxstats-mapped-reads-plot_Normalised_Counts.txt",
                "multiqc/multiqc_data/samtools-idxstats-mapped-reads-plot_Observed_over_Expected_Counts-1.txt",
                "multiqc/multiqc_data/samtools-idxstats-mapped-reads-plot_Observed_over_Expected_Counts.txt",
                "multiqc/multiqc_data/samtools-idxstats-mapped-reads-plot_Raw_Counts-1.txt",
                "multiqc/multiqc_data/samtools-idxstats-mapped-reads-plot_Raw_Counts.txt",
                "multiqc/multiqc_data/samtools-stats-dp.txt",
                "multiqc/multiqc_data/samtools_alignment_plot.txt",
                "multiqc/multiqc_data/star_alignment_plot.txt",
                "multiqc/multiqc_data/star_summary_table.txt",
                "multiqc/multiqc_report.html",
                "pipeline_info",
                "pipeline_info/r2t2p_software_mqc_versions.yml",
                "second_pass",
                "second_pass/rep1_0h",
                "second_pass/rep1_0h/rep1_0h.bam",
                "second_pass/rep1_0h/rep1_0h.bam.bai",
                "second_pass/rep1_0h/rep1_0h.second_pass.Log.final.out",
                "second_pass/rep1_0h/rep1_0h.second_pass.Log.out",
                "second_pass/rep1_0h/rep1_0h.second_pass.Log.progress.out",
                "second_pass/rep1_0h/rep1_0h.second_pass.SJ.out.tab",
                "second_pass/rep1_0h/rep1_0h.second_pass.flagstat",
                "second_pass/rep1_0h/rep1_0h.second_pass.idxstats",
                "second_pass/rep1_0h/rep1_0h.second_pass.stats",
                "second_pass/rep1_14h",
                "second_pass/rep1_14h/rep1_14h.bam",
                "second_pass/rep1_14h/rep1_14h.bam.bai",
                "second_pass/rep1_14h/rep1_14h.second_pass.Log.final.out",
                "second_pass/rep1_14h/rep1_14h.second_pass.Log.out",
                "second_pass/rep1_14h/rep1_14h.second_pass.Log.progress.out",
                "second_pass/rep1_14h/rep1_14h.second_pass.SJ.out.tab",
                "second_pass/rep1_14h/rep1_14h.second_pass.flagstat",
                "second_pass/rep1_14h/rep1_14h.second_pass.idxstats",
                "second_pass/rep1_14h/rep1_14h.second_pass.stats",
                "second_pass/rep2_0h",
                "second_pass/rep2_0h/rep2_0h.bam",
                "second_pass/rep2_0h/rep2_0h.bam.bai",
                "second_pass/rep2_0h/rep2_0h.second_pass.Log.final.out",
                "second_pass/rep2_0h/rep2_0h.second_pass.Log.out",
                "second_pass/rep2_0h/rep2_0h.second_pass.Log.progress.out",
                "second_pass/rep2_0h/rep2_0h.second_pass.SJ.out.tab",
                "second_pass/rep2_0h/rep2_0h.second_pass.flagstat",
                "second_pass/rep2_0h/rep2_0h.second_pass.idxstats",
                "second_pass/rep2_0h/rep2_0h.second_pass.stats",
                "second_pass/rep2_14h",
                "second_pass/rep2_14h/rep2_14h.bam",
                "second_pass/rep2_14h/rep2_14h.bam.bai",
                "second_pass/rep2_14h/rep2_14h.second_pass.Log.final.out",
                "second_pass/rep2_14h/rep2_14h.second_pass.Log.out",
                "second_pass/rep2_14h/rep2_14h.second_pass.Log.progress.out",
                "second_pass/rep2_14h/rep2_14h.second_pass.SJ.out.tab",
                "second_pass/rep2_14h/rep2_14h.second_pass.flagstat",
                "second_pass/rep2_14h/rep2_14h.second_pass.idxstats",
                "second_pass/rep2_14h/rep2_14h.second_pass.stats",
                "transcriptome_assembly",
                "transcriptome_assembly/comp_denovo.annotated.gtf",
                "transcriptome_assembly/comp_denovo.comp_strg_user.merged_with_strg.gtf.refmap",
                "transcriptome_assembly/comp_denovo.comp_strg_user.merged_with_strg.gtf.tmap",
                "transcriptome_assembly/comp_denovo.loci",
                "transcriptome_assembly/comp_denovo.stats",
                "transcriptome_assembly/comp_denovo.tracking",
                "transcriptome_assembly/comp_denovo.transcripts_with_strand.gtf",
                "transcriptome_assembly/comp_denovo.transcripts_with_strand.gtf_stringtie.gtf",
                "transcriptome_assembly/comp_denovo.transcripts_with_strand.gtf_stringtie_Rannot",
                "transcriptome_assembly/merge_with_user_provided",
                "transcriptome_assembly/merge_with_user_provided/comp_strg_user.additional_annotation_chr19.gtf.refmap",
                "transcriptome_assembly/merge_with_user_provided/comp_strg_user.additional_annotation_chr19.gtf.tmap",
                "transcriptome_assembly/merge_with_user_provided/comp_strg_user.annotated.gtf",
                "transcriptome_assembly/merge_with_user_provided/comp_strg_user.loci",
                "transcriptome_assembly/merge_with_user_provided/comp_strg_user.merged_with_strg.gtf",
                "transcriptome_assembly/merge_with_user_provided/comp_strg_user.stats",
                "transcriptome_assembly/merge_with_user_provided/comp_strg_user.tracking",
                "transcriptome_assembly/merge_with_user_provided/comp_strg_user.transcripts_with_strand.gtf",
                "transcriptome_assembly/merge_with_user_provided/gene_ID_pairs.tsv",
                "transcriptome_assembly/merged_bams",
                "transcriptome_assembly/merged_bams/merged_bams.ballgown",
                "transcriptome_assembly/merged_bams/merged_bams.ballgown/e2t.ctab",
                "transcriptome_assembly/merged_bams/merged_bams.ballgown/e_data.ctab",
                "transcriptome_assembly/merged_bams/merged_bams.ballgown/i2t.ctab",
                "transcriptome_assembly/merged_bams/merged_bams.ballgown/i_data.ctab",
                "transcriptome_assembly/merged_bams/merged_bams.ballgown/t_data.ctab",
                "transcriptome_assembly/merged_bams/merged_bams.coverage.gtf",
                "transcriptome_assembly/merged_bams/merged_bams.gene.abundance.txt",
                "transcriptome_assembly/merged_bams/merged_bams.transcripts.gtf",
                "transcriptome_assembly/merged_bams/merged_bams.transcripts_with_strand.gtf"
            ],
            [
                "firstpass_junctions.txt:md5,aa51f6adde2c6534811dff52a43e7534",
                "rep1_0h.bam:md5,91f282ef644241ec9b1f5da6b9ab00c7",
                "rep1_0h.bam.bai:md5,d58dbcd09c0c4a5a3ed14cfc9ff04292",
                "rep1_0h.first_pass.SJ.out.tab:md5,4ae07694b2c31bb4f7f659e3ce56d5b5",
                "rep1_0h.first_pass.flagstat:md5,efd9124666e2dddc11b5b470d50e64d1",
                "rep1_0h.first_pass.idxstats:md5,5b9fa6a3d47aa43eccfb6cbb24c03871",
                "rep1_0h.first_pass.stats:md5,90b97d384ccb7a31fbd15d29c776733d",
                "firstpass_junctions.txt:md5,aaa6e73b3610ec3e7bd2f94dbfb75702",
                "rep1_14h.bam:md5,f7b48404ffae2d70ec6ec1a3f4e974da",
                "rep1_14h.bam.bai:md5,3af41dc0a5b39d80ed99e9a00645fb61",
                "rep1_14h.first_pass.SJ.out.tab:md5,168b516155d109b761aba7b842478c4d",
                "rep1_14h.first_pass.flagstat:md5,9ba25b04917d88ff8148d1f23eb67d1e",
                "rep1_14h.first_pass.idxstats:md5,357544e413bf1208ceadbd5a0c16001c",
                "rep1_14h.first_pass.stats:md5,641b423ebd89877aba0baf3b40d9d9a6",
                "firstpass_junctions.txt:md5,494f8ecb9d49bb5d7698d1f99721b727",
                "rep2_0h.bam:md5,5822106a5f718a41b8706aabb02276a9",
                "rep2_0h.bam.bai:md5,acbc661d465fab8b8ecfbe4ec9c2cc27",
                "rep2_0h.first_pass.SJ.out.tab:md5,28aae66163886007f3f60dfe54df8724",
                "rep2_0h.first_pass.flagstat:md5,7f01264432c67a467cf1029c3149295d",
                "rep2_0h.first_pass.idxstats:md5,364b21fd00ca90f0b78acd174f41f30d",
                "rep2_0h.first_pass.stats:md5,fe33af5be77f99de578cdd87278576c8",
                "firstpass_junctions.txt:md5,cf94ee10c0e205002fef821f9b59b888",
                "rep2_14h.bam:md5,5806199493ec407bf9a244578ca80ccb",
                "rep2_14h.bam.bai:md5,0154e7e0cc623579084c2b8da4333f0c",
                "rep2_14h.first_pass.SJ.out.tab:md5,9662dc37b7ff2e0c8de2db66784902b5",
                "rep2_14h.first_pass.flagstat:md5,951b51102d2228f91544bcd675d590ed",
                "rep2_14h.first_pass.idxstats:md5,d9fa318d8313a5bce3437151ad341233",
                "rep2_14h.first_pass.stats:md5,2d34c8c1bea01c3bb744d6e093831829",
                "Genome:md5,947e29efcc9481b6ce78a5fc6ae049d5",
                "SA:md5,9cb25b177607dab2c142265ca1ffec81",
                "SAindex:md5,221d4c0ff248d60f361f7defe3ea1088",
                "chrLength.txt:md5,3985af12d1d2b4b5564e261d4093584a",
                "chrName.txt:md5,255cdc5fefdc3ff84cfe3f3270ab8fed",
                "chrNameLength.txt:md5,aa5d90ced4f463ebf5b910453d54b646",
                "chrStart.txt:md5,cd40130bb374856a16e5d0898df43791",
                "genomeParameters.txt:md5,19c78a72df00713ca72eeacdc14473f3",
                "gffcompare_accuracy_plot_Base-1.txt:md5,d28a00e9eaf3bc6d6f020e0d3ebbf885",
                "gffcompare_accuracy_plot_Base.txt:md5,b1bfeb8c80fbd852d658fcb3a4aeeeca",
                "gffcompare_accuracy_plot_Exon-1.txt:md5,fc5dd4d3575a526d01b4371391fd0959",
                "gffcompare_accuracy_plot_Exon.txt:md5,a80217e41c078d755a4582ec7086c2e4",
                "gffcompare_accuracy_plot_Intron-1.txt:md5,8c830c6b4fb823711581a5c135863f83",
                "gffcompare_accuracy_plot_Intron.txt:md5,6fc850c7b4b5b940b9d6fd58c39915ce",
                "gffcompare_accuracy_plot_Intron_chain-1.txt:md5,e2f3ffd14b0aaf9f2806bd565619656f",
                "gffcompare_accuracy_plot_Intron_chain.txt:md5,3ba58cc73e973e964b8c70eb5455cc03",
                "gffcompare_accuracy_plot_Locus-1.txt:md5,51fb88235af21dd5f80a1988bad7e1a1",
                "gffcompare_accuracy_plot_Locus.txt:md5,a71ed2cd098903142b04c7d09243235f",
                "gffcompare_accuracy_plot_Transcript-1.txt:md5,8be87115e6db2053f102777548792334",
                "gffcompare_accuracy_plot_Transcript.txt:md5,b178705d15933d480960f9f95c05047b",
                "gffcompare_missing_plot_Exons-1.txt:md5,90633aa226c8bf495b94f32e862b90ce",
                "gffcompare_missing_plot_Exons.txt:md5,3d90d65b009b808156bace85c6ebdbbe",
                "gffcompare_missing_plot_Introns-1.txt:md5,8eb148c79251f5a42b4713256cefe466",
                "gffcompare_missing_plot_Introns.txt:md5,40d800ecd7455ecd7f6d46d9b50c908e",
                "gffcompare_missing_plot_Loci-1.txt:md5,050ea10629511120be4feaa882475687",
                "gffcompare_missing_plot_Loci.txt:md5,f7e56e0613ecef507683731ee8fde0a2",
                "gffcompare_novel_plot_Exons-1.txt:md5,e1f39a8cc6384bbe0fbfc953bc121bf7",
                "gffcompare_novel_plot_Exons.txt:md5,3e56e20e1c1ee55b8639792003b8f26e",
                "gffcompare_novel_plot_Introns-1.txt:md5,afb802800d2613bcceb3d9c3323c6b99",
                "gffcompare_novel_plot_Introns.txt:md5,d210a2ce04d83b5518f2838b4ca86a4e",
                "gffcompare_novel_plot_Loci-1.txt:md5,c297f742241055ec5ae5f8680bac4a3d",
                "gffcompare_novel_plot_Loci.txt:md5,87f3e958376ef66f606cb5ebfbfb12aa",
                "multiqc_citations.txt:md5,d20b7c60883a7b6abda47318274aac0b",
                "multiqc_general_stats.txt:md5,7e9567b06c91149c00edf8d1b3c52c9e",
                "multiqc_gffcompare_gffcompare_reference.txt:md5,734ca177e993644aa184cea21d1e8e0a",
                "multiqc_gffcompare_gffcompare_user_provided.txt:md5,3973e7747ee16a09ea63523369e791d2",
                "multiqc_samtools_flagstat_samtools_firstpass.txt:md5,d8f73f9369b75ac89e3a23c733fe5837",
                "multiqc_samtools_flagstat_samtools_secondpass.txt:md5,39f4a34f9fe0b8191a5b1d5725eccfd0",
                "multiqc_samtools_idxstats_samtools_firstpass.txt:md5,a1aaa639ed05c216f1a69e171892f5c8",
                "multiqc_samtools_idxstats_samtools_secondpass.txt:md5,32586269bfcd6758d10b81285c4e8b26",
                "multiqc_samtools_stats_samtools_firstpass.txt:md5,07482f9ab7de861b0ba84d2dc5fb5326",
                "multiqc_samtools_stats_samtools_secondpass.txt:md5,62a5d6476d974502944d4d8f18145b9f",
                "multiqc_star_star_firstpass.txt:md5,ffad4f107f85ee30442a7d63ff0d5536",
                "multiqc_star_star_secondpass.txt:md5,a972315f8448497ae3178f814a46fb81",
                "samtools-flagstat-pct-table.txt:md5,36e6e3f2d16ed4734b85318c54ca14e1",
                "samtools-flagstat-table.txt:md5,cdd788f4858c2bbd247582504fd790f2",
                "samtools-idxstats-mapped-reads-plot_Normalised_Counts-1.txt:md5,6a15c22bbf4b975b1f071e996f321f52",
                "samtools-idxstats-mapped-reads-plot_Normalised_Counts.txt:md5,e590605ce454e629aeb17951d1f850c9",
                "samtools-idxstats-mapped-reads-plot_Observed_over_Expected_Counts-1.txt:md5,6a15c22bbf4b975b1f071e996f321f52",
                "samtools-idxstats-mapped-reads-plot_Observed_over_Expected_Counts.txt:md5,e590605ce454e629aeb17951d1f850c9",
                "samtools-idxstats-mapped-reads-plot_Raw_Counts-1.txt:md5,e2078958cbe8671c65826eb0cd471b8a",
                "samtools-idxstats-mapped-reads-plot_Raw_Counts.txt:md5,60a6d88cae0bf7567381c462c6f16430",
                "samtools-stats-dp.txt:md5,07b15f71cf72c2377fd7f50eae47ac40",
                "samtools_alignment_plot.txt:md5,ddd2c865104cc343e7179bf1e83fbab8",
                "star_alignment_plot.txt:md5,e55e5186034c002445809d11b43d3dd2",
                "star_summary_table.txt:md5,6aaadf1f729b6a888bc65ae6f8dccb75",
                "rep1_0h.bam:md5,7a2cba79681eba86f3786dc3e4c49e19",
                "rep1_0h.bam.bai:md5,78e4ebe0832aa41380f2f6aa9ec9aa2d",
                "rep1_0h.second_pass.SJ.out.tab:md5,0a487ac6a43940341025222e16e64b0f",
                "rep1_0h.second_pass.flagstat:md5,5b1de3c7a2c7e56d3cd0437f2a96184f",
                "rep1_0h.second_pass.idxstats:md5,1f729249f00456dbca444846c327d39b",
                "rep1_0h.second_pass.stats:md5,d946d5879863901493d55945605a50b7",
                "rep1_14h.bam:md5,b71167c7053dc2f2d6f135d5edf4210b",
                "rep1_14h.bam.bai:md5,7020e035538af1e39bffa42e1b0c24c5",
                "rep1_14h.second_pass.SJ.out.tab:md5,47500e432ccb9ef070f4a926ea42039c",
                "rep1_14h.second_pass.flagstat:md5,a5ab54724f40be4d027f9c4370b30e20",
                "rep1_14h.second_pass.idxstats:md5,df56a18236b7b3d9e8d56301e5e8cedb",
                "rep1_14h.second_pass.stats:md5,39b8e600d64e91daf14bf9471592a4b2",
                "rep2_0h.bam:md5,f7d8c5a00e17be09ad4a4f2f33d49a8d",
                "rep2_0h.bam.bai:md5,eb75f7659d8b37bd3c9b436ba9f2a528",
                "rep2_0h.second_pass.SJ.out.tab:md5,003710cf0b780a0a700c8a187e4b3a7f",
                "rep2_0h.second_pass.flagstat:md5,1a6574c5c3c3b4eb2d21cf95d125d40b",
                "rep2_0h.second_pass.idxstats:md5,4a16a0f568eefe4aae9702d8808b22e5",
                "rep2_0h.second_pass.stats:md5,44eae07d97b516760dc0fc8a316ce9e2",
                "rep2_14h.bam:md5,80fdc8dddf91b0a5fe14ff8cc6070bdf",
                "rep2_14h.bam.bai:md5,0037e123d7b50a3ca040fe6efd29137b",
                "rep2_14h.second_pass.SJ.out.tab:md5,660e0c50cec6112f9980f74851877c44",
                "rep2_14h.second_pass.flagstat:md5,e26122402aefcd60dbb9bd259e281c01",
                "rep2_14h.second_pass.idxstats:md5,b35cd450ca73d00519816f45f66b4648",
                "rep2_14h.second_pass.stats:md5,ce1fbb046e7674769cc6bf1ae2cebebf",
                "comp_denovo.annotated.gtf:md5,dbb8acdf912733b0bf70daa3d91b6809",
                "comp_denovo.comp_strg_user.merged_with_strg.gtf.refmap:md5,4cd6e8c7336b4721d3e1409963b583ba",
                "comp_denovo.comp_strg_user.merged_with_strg.gtf.tmap:md5,4dfb6871b4f563ab06deff66e8abc69f",
                "comp_denovo.loci:md5,dee42518c5a86481861eeb24d961fb08",
                "comp_denovo.stats:md5,df02f540dddafa20857f0b44ab27b87e",
                "comp_denovo.tracking:md5,80aa2dcc23cc5054c7ef89d001683e04",
                "comp_denovo.transcripts_with_strand.gtf:md5,dbb8acdf912733b0bf70daa3d91b6809",
                "comp_denovo.transcripts_with_strand.gtf_stringtie.gtf:md5,a47c41b42bcc665d19313b000618afc0",
                "comp_strg_user.additional_annotation_chr19.gtf.refmap:md5,bf902d340e299b0953e92ec303274fee",
                "comp_strg_user.additional_annotation_chr19.gtf.tmap:md5,37277a87b7aa43da941ab2a31b35fd84",
                "comp_strg_user.annotated.gtf:md5,1ddf8a7fc5bb07942450339cad7a8a9b",
                "comp_strg_user.loci:md5,89886213bb894ac4648feddcfc9fd550",
                "comp_strg_user.merged_with_strg.gtf:md5,f84d04921c5b28335022dae3bd6d5fb6",
                "comp_strg_user.stats:md5,117d005fd63bc9fdea2794c41df914b2",
                "comp_strg_user.tracking:md5,16a7f1ee16ecf678bd7ac639ad58e33a",
                "comp_strg_user.transcripts_with_strand.gtf:md5,1ddf8a7fc5bb07942450339cad7a8a9b",
                "gene_ID_pairs.tsv:md5,7cb85b60e723360be0278876a1ee9e91",
                "e2t.ctab:md5,b48f6b8424fe5adbab388e096fd3b635",
                "e_data.ctab:md5,a7f4bebbc69cda9b19a5d2ef80cfb281",
                "i2t.ctab:md5,54feb120633241de590bd7c1d1ac3769",
                "i_data.ctab:md5,696d2226b583e18e110815d5d5e8b2a9",
                "t_data.ctab:md5,cc3a04cff09e7084705a87a2ff47736d",
                "merged_bams.coverage.gtf:md5,fa92145a03703d18a44a25cf63365c7a",
                "merged_bams.gene.abundance.txt:md5,54658adbdfa1a37f2e967143436bd62e",
                "merged_bams.transcripts.gtf:md5,1c49bf9ece7b60cdbf5753d5d14a57af",
                "merged_bams.transcripts_with_strand.gtf:md5,18fb4614fdd1900899d594573893b023"
            ]
        ],
        "meta": {
            "nf-test": "0.9.2",
            "nextflow": "25.04.8"
        },
        "timestamp": "2025-10-16T22:19:40.275263443"
    }
}