{
    "-profile test": {
        "content": [
            {
                "CAT_GTF": {
                    "cat": 9.5
                },
                "CUSTOM_GETCHROMSIZES": {
                    "getchromsizes": 1.21
                },
                "FASTATOTWOBIT": {
                    "FaToTwoBit": "v2025-09-10"
                },
                "FILTER_UNDEFINED_STRAND": {
                    "gawk": "5.3.0"
                },
                "GFFCOMPARE": {
                    "gffcompare": "0.12.6"
                },
                "GUNZIP_FASTA": {
                    "gunzip": 1.13
                },
                "GUNZIP_GTF": {
                    "gunzip": 1.13
                },
                "MERGE_TO_ORFQUANT": {
                    "R": "4.4.3",
                    "RiboseQC": "0.99.0",
                    "GenomicFeatures": "1.58.0",
                    "AnnotationDbi": "1.68.0",
                    "viridis": "0.6.5",
                    "viridisLite": "0.4.2",
                    "ggpubr": "0.6.1",
                    "gridExtra": "2.3",
                    "DT": "0.34.0",
                    "knitr": "1.50",
                    "ggplot2": "4.0.0",
                    "reshape2": "1.4.4",
                    "devtools": "2.4.5",
                    "usethis": "3.2.1",
                    "GenomicFiles": "1.42.0",
                    "BiocParallel": "1.40.2",
                    "BSgenome": "1.74.0",
                    "BiocIO": "1.16.0",
                    "GenomicAlignments": "1.42.0",
                    "Rsamtools": "2.22.0",
                    "Biostrings": "2.74.1",
                    "XVector": "0.46.0",
                    "SummarizedExperiment": "1.36.0",
                    "Biobase": "2.66.0",
                    "MatrixGenerics": "1.18.1",
                    "matrixStats": "1.5.0",
                    "rtracklayer": "1.66.0",
                    "GenomicRanges": "1.58.0",
                    "GenomeInfoDb": "1.42.3",
                    "IRanges": "2.40.1",
                    "S4Vectors": "0.44.0",
                    "BiocGenerics": "0.52.0",
                    "rmarkdown": "2.29"
                },
                "MULTI_DE": {
                    "R": "4.4.3",
                    "BSgenome.any.species.GRCh38": "1.0",
                    "org.Hs.eg.db": "3.20.0",
                    "ORFik": "1.26.2",
                    "ggrepel": "0.9.6",
                    "glmnet": "4.1-10",
                    "Matrix": "1.7-2",
                    "randomForest": "4.7-1.2",
                    "topGO": "2.58.0",
                    "SparseM": "1.84-2",
                    "GO.db": "3.20.0",
                    "graph": "1.84.1",
                    "DEXSeq": "1.52.0",
                    "RColorBrewer": "1.1-3",
                    "DESeq2": "1.46.0",
                    "RiboseQC": "0.99.0",
                    "GenomicFeatures": "1.58.0",
                    "AnnotationDbi": "1.68.0",
                    "viridis": "0.6.5",
                    "viridisLite": "0.4.2",
                    "ggpubr": "0.6.1",
                    "gridExtra": "2.3",
                    "DT": "0.34.0",
                    "knitr": "1.50",
                    "ggplot2": "4.0.0",
                    "reshape2": "1.4.4",
                    "devtools": "2.4.5",
                    "usethis": "3.2.1",
                    "GenomicFiles": "1.42.0",
                    "BiocParallel": "1.40.2",
                    "BSgenome": "1.74.0",
                    "BiocIO": "1.16.0",
                    "GenomicAlignments": "1.42.0",
                    "Rsamtools": "2.22.0",
                    "Biostrings": "2.74.1",
                    "XVector": "0.46.0",
                    "SummarizedExperiment": "1.36.0",
                    "Biobase": "2.66.0",
                    "MatrixGenerics": "1.18.1",
                    "matrixStats": "1.5.0",
                    "rtracklayer": "1.66.0",
                    "GenomicRanges": "1.58.0",
                    "GenomeInfoDb": "1.42.3",
                    "IRanges": "2.40.1",
                    "S4Vectors": "0.44.0",
                    "BiocGenerics": "0.52.0",
                    "rmarkdown": "2.29"
                },
                "ORFDEX": {
                    "R": "4.4.3",
                    "ORFik": "1.26.2",
                    "ggrepel": "0.9.6",
                    "glmnet": "4.1-10",
                    "Matrix": "1.7-2",
                    "randomForest": "4.7-1.2",
                    "topGO": "2.58.0",
                    "SparseM": "1.84-2",
                    "GO.db": "3.20.0",
                    "graph": "1.84.1",
                    "DEXSeq": "1.52.0",
                    "RColorBrewer": "1.1-3",
                    "DESeq2": "1.46.0",
                    "RiboseQC": "0.99.0",
                    "GenomicFeatures": "1.58.0",
                    "AnnotationDbi": "1.68.0",
                    "viridis": "0.6.5",
                    "viridisLite": "0.4.2",
                    "ggpubr": "0.6.1",
                    "gridExtra": "2.3",
                    "DT": "0.34.0",
                    "knitr": "1.50",
                    "ggplot2": "4.0.0",
                    "reshape2": "1.4.4",
                    "devtools": "2.4.5",
                    "usethis": "3.2.1",
                    "GenomicFiles": "1.42.0",
                    "BiocParallel": "1.40.2",
                    "BSgenome": "1.74.0",
                    "BiocIO": "1.16.0",
                    "GenomicAlignments": "1.42.0",
                    "Rsamtools": "2.22.0",
                    "Biostrings": "2.74.1",
                    "XVector": "0.46.0",
                    "SummarizedExperiment": "1.36.0",
                    "Biobase": "2.66.0",
                    "MatrixGenerics": "1.18.1",
                    "matrixStats": "1.5.0",
                    "rtracklayer": "1.66.0",
                    "GenomicRanges": "1.58.0",
                    "GenomeInfoDb": "1.42.3",
                    "IRanges": "2.40.1",
                    "S4Vectors": "0.44.0",
                    "BiocGenerics": "0.52.0",
                    "rmarkdown": "2.29"
                },
                "ORFQUANT": {
                    "R": "4.4.3",
                    "BSgenome.any.species.GRCh38": "1.0",
                    "ORFquant": "1.02.0",
                    "rmarkdown": "2.29",
                    "reshape2": "1.4.4",
                    "multitaper": "1.0-17",
                    "knitr": "1.50",
                    "gridExtra": "2.3",
                    "ggplot2": "4.0.0",
                    "GenomicFiles": "1.42.0",
                    "BiocParallel": "1.40.2",
                    "GenomicFeatures": "1.58.0",
                    "AnnotationDbi": "1.68.0",
                    "GenomicAlignments": "1.42.0",
                    "Rsamtools": "2.22.0",
                    "SummarizedExperiment": "1.36.0",
                    "Biobase": "2.66.0",
                    "MatrixGenerics": "1.18.1",
                    "matrixStats": "1.5.0",
                    "doMC": "1.3.8",
                    "iterators": "1.0.14",
                    "foreach": "1.5.2",
                    "devtools": "2.4.5",
                    "usethis": "3.2.1",
                    "cowplot": "1.2.0",
                    "BSgenome": "1.74.0",
                    "rtracklayer": "1.66.0",
                    "BiocIO": "1.16.0",
                    "GenomicRanges": "1.58.0",
                    "Biostrings": "2.74.1",
                    "GenomeInfoDb": "1.42.3",
                    "XVector": "0.46.0",
                    "IRanges": "2.40.1",
                    "S4Vectors": "0.44.0",
                    "BiocGenerics": "0.52.0"
                },
                "RIBOSEQC": {
                    "R": "4.4.3",
                    "BSgenome.any.species.GRCh38": "1.0",
                    "msa": "1.38.0",
                    "RiboseQC": "0.99.0",
                    "GenomicFeatures": "1.58.0",
                    "AnnotationDbi": "1.68.0",
                    "viridis": "0.6.5",
                    "viridisLite": "0.4.2",
                    "ggpubr": "0.6.1",
                    "gridExtra": "2.3",
                    "DT": "0.34.0",
                    "knitr": "1.50",
                    "ggplot2": "4.0.0",
                    "reshape2": "1.4.4",
                    "devtools": "2.4.5",
                    "usethis": "3.2.1",
                    "GenomicFiles": "1.42.0",
                    "BiocParallel": "1.40.2",
                    "BSgenome": "1.74.0",
                    "BiocIO": "1.16.0",
                    "GenomicAlignments": "1.42.0",
                    "Rsamtools": "2.22.0",
                    "Biostrings": "2.74.1",
                    "XVector": "0.46.0",
                    "SummarizedExperiment": "1.36.0",
                    "Biobase": "2.66.0",
                    "MatrixGenerics": "1.18.1",
                    "matrixStats": "1.5.0",
                    "rtracklayer": "1.66.0",
                    "GenomicRanges": "1.58.0",
                    "GenomeInfoDb": "1.42.3",
                    "IRanges": "2.40.1",
                    "S4Vectors": "0.44.0",
                    "BiocGenerics": "0.52.0",
                    "rmarkdown": "2.29"
                },
                "R_MERGE_DENOVO_WITH_REF": {
                    "R": "4.4.3",
                    "RiboseQC": "0.99.0",
                    "GenomicFeatures": "1.58.0",
                    "AnnotationDbi": "1.68.0",
                    "viridis": "0.6.5",
                    "viridisLite": "0.4.2",
                    "ggpubr": "0.6.1",
                    "gridExtra": "2.3",
                    "DT": "0.34.0",
                    "knitr": "1.50",
                    "ggplot2": "4.0.0",
                    "reshape2": "1.4.4",
                    "devtools": "2.4.5",
                    "usethis": "3.2.1",
                    "GenomicFiles": "1.42.0",
                    "BiocParallel": "1.40.2",
                    "BSgenome": "1.74.0",
                    "BiocIO": "1.16.0",
                    "GenomicAlignments": "1.42.0",
                    "Rsamtools": "2.22.0",
                    "Biostrings": "2.74.1",
                    "XVector": "0.46.0",
                    "SummarizedExperiment": "1.36.0",
                    "Biobase": "2.66.0",
                    "MatrixGenerics": "1.18.1",
                    "matrixStats": "1.5.0",
                    "rtracklayer": "1.66.0",
                    "GenomicRanges": "1.58.0",
                    "GenomeInfoDb": "1.42.3",
                    "IRanges": "2.40.1",
                    "S4Vectors": "0.44.0",
                    "BiocGenerics": "0.52.0",
                    "rmarkdown": "2.29"
                },
                "R_MERGE_DENOVO_WITH_USER": {
                    "R": "4.4.3",
                    "RiboseQC": "0.99.0",
                    "GenomicFeatures": "1.58.0",
                    "AnnotationDbi": "1.68.0",
                    "viridis": "0.6.5",
                    "viridisLite": "0.4.2",
                    "ggpubr": "0.6.1",
                    "gridExtra": "2.3",
                    "DT": "0.34.0",
                    "knitr": "1.50",
                    "ggplot2": "4.0.0",
                    "reshape2": "1.4.4",
                    "devtools": "2.4.5",
                    "usethis": "3.2.1",
                    "GenomicFiles": "1.42.0",
                    "BiocParallel": "1.40.2",
                    "BSgenome": "1.74.0",
                    "BiocIO": "1.16.0",
                    "GenomicAlignments": "1.42.0",
                    "Rsamtools": "2.22.0",
                    "Biostrings": "2.74.1",
                    "XVector": "0.46.0",
                    "SummarizedExperiment": "1.36.0",
                    "Biobase": "2.66.0",
                    "MatrixGenerics": "1.18.1",
                    "matrixStats": "1.5.0",
                    "rtracklayer": "1.66.0",
                    "GenomicRanges": "1.58.0",
                    "GenomeInfoDb": "1.42.3",
                    "IRanges": "2.40.1",
                    "S4Vectors": "0.44.0",
                    "BiocGenerics": "0.52.0",
                    "rmarkdown": "2.29"
                },
                "SAMTOOLS_FLAGSTAT": {
                    "samtools": "1.23.1"
                },
                "SAMTOOLS_IDXSTATS": {
                    "samtools": "1.23.1"
                },
                "SAMTOOLS_INDEX": {
                    "samtools": "1.22.1"
                },
                "SAMTOOLS_MERGE": {
                    "samtools": 1.21
                },
                "SAMTOOLS_STATS": {
                    "samtools": "1.23.1"
                },
                "STAR_ALIGN_RIBO": {
                    "star": "2.7.9a",
                    "samtools": 1.14,
                    "gawk": "5.3.0"
                },
                "STAR_ALIGN_RNA": {
                    "star": "2.7.9a",
                    "samtools": 1.14,
                    "gawk": "5.3.0"
                },
                "STAR_GENOMEGENERATE": {
                    "star": "2.7.9a",
                    "samtools": 1.14,
                    "gawk": "5.3.0"
                },
                "STRINGTIE": {
                    "stringtie": "3.0.0"
                },
                "UCSC_BEDGRAPHTOBIGWIG": {
                    "ucsc": 469
                },
                "Workflow": {
                    "nfdata-omics/r2t2p": "v0.1.0dev"
                }
            },
            [
                "ORFquant",
                "ORFquant/14h_vs_0h",
                "ORFquant/14h_vs_0h/14h_vs_0h_ORFDEX.RData",
                "ORFquant/14h_vs_0h/14h_vs_0h_ORFquant_counts.RData",
                "ORFquant/14h_vs_0h/14h_vs_0h_ORFquant_feats.RData",
                "ORFquant/combined_forORFquant.RData_Detected_ORFs.gtf",
                "ORFquant/combined_forORFquant.RData_Protein_sequences.fasta",
                "ORFquant/combined_forORFquant.RData_final_ORFquant_results",
                "ORFquant/combined_forORFquant.RData_tmp_ORFquant_results",
                "differential_expression",
                "differential_expression/14h_vs_0h",
                "differential_expression/14h_vs_0h/14h_vs_0h_countmats.RData",
                "differential_expression/14h_vs_0h/14h_vs_0h_multiDE_input.RData",
                "differential_expression/14h_vs_0h/14h_vs_0h_multiDE_results.RData",
                "differential_expression/14h_vs_0h/14h_vs_0h_multiDE_results_RF.RData",
                "differential_expression/14h_vs_0h/14h_vs_0h_multiDE_results_summary.RData",
                "differential_expression/14h_vs_0h/14h_vs_0h_multiDE_results_summary_GO.RData",
                "differential_expression/14h_vs_0h/14h_vs_0h_multiDE_results_summary_allgenes.RData",
                "differential_expression/14h_vs_0h/14h_vs_0h_multiDE_results_summary_bins.RData",
                "final_alignment",
                "final_alignment/rep1_0h",
                "final_alignment/rep1_0h/rep1_0h_RNA.Aligned.sortedByCoord.out.bam",
                "final_alignment/rep1_0h/rep1_0h_RNA.Aligned.sortedByCoord.out.bam.bai",
                "final_alignment/rep1_0h/rep1_0h_RNA.Aligned.sortedByCoord.out.bam_counts_regions",
                "final_alignment/rep1_0h/rep1_0h_RNA.Aligned.sortedByCoord.out.bam_coverage_minus.bedgraph",
                "final_alignment/rep1_0h/rep1_0h_RNA.Aligned.sortedByCoord.out.bam_coverage_minus.bigWig",
                "final_alignment/rep1_0h/rep1_0h_RNA.Aligned.sortedByCoord.out.bam_coverage_plus.bedgraph",
                "final_alignment/rep1_0h/rep1_0h_RNA.Aligned.sortedByCoord.out.bam_coverage_plus.bigWig",
                "final_alignment/rep1_0h/rep1_0h_RNA.Aligned.sortedByCoord.out.bam_coverage_uniq_minus.bedgraph",
                "final_alignment/rep1_0h/rep1_0h_RNA.Aligned.sortedByCoord.out.bam_coverage_uniq_minus.bigWig",
                "final_alignment/rep1_0h/rep1_0h_RNA.Aligned.sortedByCoord.out.bam_coverage_uniq_plus.bedgraph",
                "final_alignment/rep1_0h/rep1_0h_RNA.Aligned.sortedByCoord.out.bam_coverage_uniq_plus.bigWig",
                "final_alignment/rep1_0h/rep1_0h_RNA.Aligned.sortedByCoord.out.bam_readsRle.RData",
                "final_alignment/rep1_0h/rep1_0h_RNA.Aligned.sortedByCoord.out.bam_strandedness",
                "final_alignment/rep1_0h/rep1_0h_RNA.Log.final.out",
                "final_alignment/rep1_0h/rep1_0h_RNA.Log.out",
                "final_alignment/rep1_0h/rep1_0h_RNA.Log.progress.out",
                "final_alignment/rep1_0h/rep1_0h_RNA.SJ.out.tab",
                "final_alignment/rep1_0h/rep1_0h_RNA.final_alignment.flagstat",
                "final_alignment/rep1_0h/rep1_0h_RNA.final_alignment.idxstats",
                "final_alignment/rep1_0h/rep1_0h_RNA.final_alignment.stats",
                "final_alignment/rep1_0h/rep1_0h_Ribo.Aligned.sortedByCoord.out.bam",
                "final_alignment/rep1_0h/rep1_0h_Ribo.Aligned.sortedByCoord.out.bam.bai",
                "final_alignment/rep1_0h/rep1_0h_Ribo.Aligned.sortedByCoord.out.bam_P_sites_calcs",
                "final_alignment/rep1_0h/rep1_0h_Ribo.Aligned.sortedByCoord.out.bam_P_sites_minus.bedgraph",
                "final_alignment/rep1_0h/rep1_0h_Ribo.Aligned.sortedByCoord.out.bam_P_sites_minus.bigWig",
                "final_alignment/rep1_0h/rep1_0h_Ribo.Aligned.sortedByCoord.out.bam_P_sites_plus.bedgraph",
                "final_alignment/rep1_0h/rep1_0h_Ribo.Aligned.sortedByCoord.out.bam_P_sites_plus.bigWig",
                "final_alignment/rep1_0h/rep1_0h_Ribo.Aligned.sortedByCoord.out.bam_P_sites_uniq_minus.bedgraph",
                "final_alignment/rep1_0h/rep1_0h_Ribo.Aligned.sortedByCoord.out.bam_P_sites_uniq_minus.bigWig",
                "final_alignment/rep1_0h/rep1_0h_Ribo.Aligned.sortedByCoord.out.bam_P_sites_uniq_plus.bedgraph",
                "final_alignment/rep1_0h/rep1_0h_Ribo.Aligned.sortedByCoord.out.bam_P_sites_uniq_plus.bigWig",
                "final_alignment/rep1_0h/rep1_0h_Ribo.Aligned.sortedByCoord.out.bam_counts_regions",
                "final_alignment/rep1_0h/rep1_0h_Ribo.Aligned.sortedByCoord.out.bam_coverage_minus.bedgraph",
                "final_alignment/rep1_0h/rep1_0h_Ribo.Aligned.sortedByCoord.out.bam_coverage_minus.bigWig",
                "final_alignment/rep1_0h/rep1_0h_Ribo.Aligned.sortedByCoord.out.bam_coverage_plus.bedgraph",
                "final_alignment/rep1_0h/rep1_0h_Ribo.Aligned.sortedByCoord.out.bam_coverage_plus.bigWig",
                "final_alignment/rep1_0h/rep1_0h_Ribo.Aligned.sortedByCoord.out.bam_coverage_uniq_minus.bedgraph",
                "final_alignment/rep1_0h/rep1_0h_Ribo.Aligned.sortedByCoord.out.bam_coverage_uniq_minus.bigWig",
                "final_alignment/rep1_0h/rep1_0h_Ribo.Aligned.sortedByCoord.out.bam_coverage_uniq_plus.bedgraph",
                "final_alignment/rep1_0h/rep1_0h_Ribo.Aligned.sortedByCoord.out.bam_coverage_uniq_plus.bigWig",
                "final_alignment/rep1_0h/rep1_0h_Ribo.Aligned.sortedByCoord.out.bam_for_ORFquant",
                "final_alignment/rep1_0h/rep1_0h_Ribo.Aligned.sortedByCoord.out.bam_readsRle.RData",
                "final_alignment/rep1_0h/rep1_0h_Ribo.Aligned.sortedByCoord.out.bam_results_RiboseQC",
                "final_alignment/rep1_0h/rep1_0h_Ribo.Aligned.sortedByCoord.out.bam_results_RiboseQC_all",
                "final_alignment/rep1_0h/rep1_0h_Ribo.Aligned.sortedByCoord.out.bam_strandedness",
                "final_alignment/rep1_0h/rep1_0h_Ribo.Log.final.out",
                "final_alignment/rep1_0h/rep1_0h_Ribo.Log.out",
                "final_alignment/rep1_0h/rep1_0h_Ribo.Log.progress.out",
                "final_alignment/rep1_0h/rep1_0h_Ribo.ReadsPerGene.out.tab",
                "final_alignment/rep1_0h/rep1_0h_Ribo.SJ.out.tab",
                "final_alignment/rep1_0h/rep1_0h_Ribo.final_alignment.flagstat",
                "final_alignment/rep1_0h/rep1_0h_Ribo.final_alignment.idxstats",
                "final_alignment/rep1_0h/rep1_0h_Ribo.final_alignment.stats",
                "final_alignment/rep1_14h",
                "final_alignment/rep1_14h/rep1_14h_RNA.Aligned.sortedByCoord.out.bam",
                "final_alignment/rep1_14h/rep1_14h_RNA.Aligned.sortedByCoord.out.bam.bai",
                "final_alignment/rep1_14h/rep1_14h_RNA.Aligned.sortedByCoord.out.bam_counts_regions",
                "final_alignment/rep1_14h/rep1_14h_RNA.Aligned.sortedByCoord.out.bam_coverage_minus.bedgraph",
                "final_alignment/rep1_14h/rep1_14h_RNA.Aligned.sortedByCoord.out.bam_coverage_minus.bigWig",
                "final_alignment/rep1_14h/rep1_14h_RNA.Aligned.sortedByCoord.out.bam_coverage_plus.bedgraph",
                "final_alignment/rep1_14h/rep1_14h_RNA.Aligned.sortedByCoord.out.bam_coverage_plus.bigWig",
                "final_alignment/rep1_14h/rep1_14h_RNA.Aligned.sortedByCoord.out.bam_coverage_uniq_minus.bedgraph",
                "final_alignment/rep1_14h/rep1_14h_RNA.Aligned.sortedByCoord.out.bam_coverage_uniq_minus.bigWig",
                "final_alignment/rep1_14h/rep1_14h_RNA.Aligned.sortedByCoord.out.bam_coverage_uniq_plus.bedgraph",
                "final_alignment/rep1_14h/rep1_14h_RNA.Aligned.sortedByCoord.out.bam_coverage_uniq_plus.bigWig",
                "final_alignment/rep1_14h/rep1_14h_RNA.Aligned.sortedByCoord.out.bam_readsRle.RData",
                "final_alignment/rep1_14h/rep1_14h_RNA.Aligned.sortedByCoord.out.bam_strandedness",
                "final_alignment/rep1_14h/rep1_14h_RNA.Log.final.out",
                "final_alignment/rep1_14h/rep1_14h_RNA.Log.out",
                "final_alignment/rep1_14h/rep1_14h_RNA.Log.progress.out",
                "final_alignment/rep1_14h/rep1_14h_RNA.SJ.out.tab",
                "final_alignment/rep1_14h/rep1_14h_RNA.final_alignment.flagstat",
                "final_alignment/rep1_14h/rep1_14h_RNA.final_alignment.idxstats",
                "final_alignment/rep1_14h/rep1_14h_RNA.final_alignment.stats",
                "final_alignment/rep1_14h/rep1_14h_Ribo.Aligned.sortedByCoord.out.bam",
                "final_alignment/rep1_14h/rep1_14h_Ribo.Aligned.sortedByCoord.out.bam.bai",
                "final_alignment/rep1_14h/rep1_14h_Ribo.Aligned.sortedByCoord.out.bam_P_sites_calcs",
                "final_alignment/rep1_14h/rep1_14h_Ribo.Aligned.sortedByCoord.out.bam_P_sites_minus.bedgraph",
                "final_alignment/rep1_14h/rep1_14h_Ribo.Aligned.sortedByCoord.out.bam_P_sites_minus.bigWig",
                "final_alignment/rep1_14h/rep1_14h_Ribo.Aligned.sortedByCoord.out.bam_P_sites_plus.bedgraph",
                "final_alignment/rep1_14h/rep1_14h_Ribo.Aligned.sortedByCoord.out.bam_P_sites_plus.bigWig",
                "final_alignment/rep1_14h/rep1_14h_Ribo.Aligned.sortedByCoord.out.bam_P_sites_uniq_minus.bedgraph",
                "final_alignment/rep1_14h/rep1_14h_Ribo.Aligned.sortedByCoord.out.bam_P_sites_uniq_minus.bigWig",
                "final_alignment/rep1_14h/rep1_14h_Ribo.Aligned.sortedByCoord.out.bam_P_sites_uniq_plus.bedgraph",
                "final_alignment/rep1_14h/rep1_14h_Ribo.Aligned.sortedByCoord.out.bam_P_sites_uniq_plus.bigWig",
                "final_alignment/rep1_14h/rep1_14h_Ribo.Aligned.sortedByCoord.out.bam_counts_regions",
                "final_alignment/rep1_14h/rep1_14h_Ribo.Aligned.sortedByCoord.out.bam_coverage_minus.bedgraph",
                "final_alignment/rep1_14h/rep1_14h_Ribo.Aligned.sortedByCoord.out.bam_coverage_minus.bigWig",
                "final_alignment/rep1_14h/rep1_14h_Ribo.Aligned.sortedByCoord.out.bam_coverage_plus.bedgraph",
                "final_alignment/rep1_14h/rep1_14h_Ribo.Aligned.sortedByCoord.out.bam_coverage_plus.bigWig",
                "final_alignment/rep1_14h/rep1_14h_Ribo.Aligned.sortedByCoord.out.bam_coverage_uniq_minus.bedgraph",
                "final_alignment/rep1_14h/rep1_14h_Ribo.Aligned.sortedByCoord.out.bam_coverage_uniq_minus.bigWig",
                "final_alignment/rep1_14h/rep1_14h_Ribo.Aligned.sortedByCoord.out.bam_coverage_uniq_plus.bedgraph",
                "final_alignment/rep1_14h/rep1_14h_Ribo.Aligned.sortedByCoord.out.bam_coverage_uniq_plus.bigWig",
                "final_alignment/rep1_14h/rep1_14h_Ribo.Aligned.sortedByCoord.out.bam_for_ORFquant",
                "final_alignment/rep1_14h/rep1_14h_Ribo.Aligned.sortedByCoord.out.bam_readsRle.RData",
                "final_alignment/rep1_14h/rep1_14h_Ribo.Aligned.sortedByCoord.out.bam_results_RiboseQC",
                "final_alignment/rep1_14h/rep1_14h_Ribo.Aligned.sortedByCoord.out.bam_results_RiboseQC_all",
                "final_alignment/rep1_14h/rep1_14h_Ribo.Aligned.sortedByCoord.out.bam_strandedness",
                "final_alignment/rep1_14h/rep1_14h_Ribo.Log.final.out",
                "final_alignment/rep1_14h/rep1_14h_Ribo.Log.out",
                "final_alignment/rep1_14h/rep1_14h_Ribo.Log.progress.out",
                "final_alignment/rep1_14h/rep1_14h_Ribo.ReadsPerGene.out.tab",
                "final_alignment/rep1_14h/rep1_14h_Ribo.SJ.out.tab",
                "final_alignment/rep1_14h/rep1_14h_Ribo.final_alignment.flagstat",
                "final_alignment/rep1_14h/rep1_14h_Ribo.final_alignment.idxstats",
                "final_alignment/rep1_14h/rep1_14h_Ribo.final_alignment.stats",
                "final_alignment/rep2_0h",
                "final_alignment/rep2_0h/rep2_0h_RNA.Aligned.sortedByCoord.out.bam",
                "final_alignment/rep2_0h/rep2_0h_RNA.Aligned.sortedByCoord.out.bam.bai",
                "final_alignment/rep2_0h/rep2_0h_RNA.Aligned.sortedByCoord.out.bam_counts_regions",
                "final_alignment/rep2_0h/rep2_0h_RNA.Aligned.sortedByCoord.out.bam_coverage_minus.bedgraph",
                "final_alignment/rep2_0h/rep2_0h_RNA.Aligned.sortedByCoord.out.bam_coverage_minus.bigWig",
                "final_alignment/rep2_0h/rep2_0h_RNA.Aligned.sortedByCoord.out.bam_coverage_plus.bedgraph",
                "final_alignment/rep2_0h/rep2_0h_RNA.Aligned.sortedByCoord.out.bam_coverage_plus.bigWig",
                "final_alignment/rep2_0h/rep2_0h_RNA.Aligned.sortedByCoord.out.bam_coverage_uniq_minus.bedgraph",
                "final_alignment/rep2_0h/rep2_0h_RNA.Aligned.sortedByCoord.out.bam_coverage_uniq_minus.bigWig",
                "final_alignment/rep2_0h/rep2_0h_RNA.Aligned.sortedByCoord.out.bam_coverage_uniq_plus.bedgraph",
                "final_alignment/rep2_0h/rep2_0h_RNA.Aligned.sortedByCoord.out.bam_coverage_uniq_plus.bigWig",
                "final_alignment/rep2_0h/rep2_0h_RNA.Aligned.sortedByCoord.out.bam_readsRle.RData",
                "final_alignment/rep2_0h/rep2_0h_RNA.Aligned.sortedByCoord.out.bam_strandedness",
                "final_alignment/rep2_0h/rep2_0h_RNA.Log.final.out",
                "final_alignment/rep2_0h/rep2_0h_RNA.Log.out",
                "final_alignment/rep2_0h/rep2_0h_RNA.Log.progress.out",
                "final_alignment/rep2_0h/rep2_0h_RNA.SJ.out.tab",
                "final_alignment/rep2_0h/rep2_0h_RNA.final_alignment.flagstat",
                "final_alignment/rep2_0h/rep2_0h_RNA.final_alignment.idxstats",
                "final_alignment/rep2_0h/rep2_0h_RNA.final_alignment.stats",
                "final_alignment/rep2_0h/rep2_0h_Ribo.Aligned.sortedByCoord.out.bam",
                "final_alignment/rep2_0h/rep2_0h_Ribo.Aligned.sortedByCoord.out.bam.bai",
                "final_alignment/rep2_0h/rep2_0h_Ribo.Aligned.sortedByCoord.out.bam_P_sites_calcs",
                "final_alignment/rep2_0h/rep2_0h_Ribo.Aligned.sortedByCoord.out.bam_P_sites_minus.bedgraph",
                "final_alignment/rep2_0h/rep2_0h_Ribo.Aligned.sortedByCoord.out.bam_P_sites_minus.bigWig",
                "final_alignment/rep2_0h/rep2_0h_Ribo.Aligned.sortedByCoord.out.bam_P_sites_plus.bedgraph",
                "final_alignment/rep2_0h/rep2_0h_Ribo.Aligned.sortedByCoord.out.bam_P_sites_plus.bigWig",
                "final_alignment/rep2_0h/rep2_0h_Ribo.Aligned.sortedByCoord.out.bam_P_sites_uniq_minus.bedgraph",
                "final_alignment/rep2_0h/rep2_0h_Ribo.Aligned.sortedByCoord.out.bam_P_sites_uniq_minus.bigWig",
                "final_alignment/rep2_0h/rep2_0h_Ribo.Aligned.sortedByCoord.out.bam_P_sites_uniq_plus.bedgraph",
                "final_alignment/rep2_0h/rep2_0h_Ribo.Aligned.sortedByCoord.out.bam_P_sites_uniq_plus.bigWig",
                "final_alignment/rep2_0h/rep2_0h_Ribo.Aligned.sortedByCoord.out.bam_counts_regions",
                "final_alignment/rep2_0h/rep2_0h_Ribo.Aligned.sortedByCoord.out.bam_coverage_minus.bedgraph",
                "final_alignment/rep2_0h/rep2_0h_Ribo.Aligned.sortedByCoord.out.bam_coverage_minus.bigWig",
                "final_alignment/rep2_0h/rep2_0h_Ribo.Aligned.sortedByCoord.out.bam_coverage_plus.bedgraph",
                "final_alignment/rep2_0h/rep2_0h_Ribo.Aligned.sortedByCoord.out.bam_coverage_plus.bigWig",
                "final_alignment/rep2_0h/rep2_0h_Ribo.Aligned.sortedByCoord.out.bam_coverage_uniq_minus.bedgraph",
                "final_alignment/rep2_0h/rep2_0h_Ribo.Aligned.sortedByCoord.out.bam_coverage_uniq_minus.bigWig",
                "final_alignment/rep2_0h/rep2_0h_Ribo.Aligned.sortedByCoord.out.bam_coverage_uniq_plus.bedgraph",
                "final_alignment/rep2_0h/rep2_0h_Ribo.Aligned.sortedByCoord.out.bam_coverage_uniq_plus.bigWig",
                "final_alignment/rep2_0h/rep2_0h_Ribo.Aligned.sortedByCoord.out.bam_for_ORFquant",
                "final_alignment/rep2_0h/rep2_0h_Ribo.Aligned.sortedByCoord.out.bam_readsRle.RData",
                "final_alignment/rep2_0h/rep2_0h_Ribo.Aligned.sortedByCoord.out.bam_results_RiboseQC",
                "final_alignment/rep2_0h/rep2_0h_Ribo.Aligned.sortedByCoord.out.bam_results_RiboseQC_all",
                "final_alignment/rep2_0h/rep2_0h_Ribo.Aligned.sortedByCoord.out.bam_strandedness",
                "final_alignment/rep2_0h/rep2_0h_Ribo.Log.final.out",
                "final_alignment/rep2_0h/rep2_0h_Ribo.Log.out",
                "final_alignment/rep2_0h/rep2_0h_Ribo.Log.progress.out",
                "final_alignment/rep2_0h/rep2_0h_Ribo.ReadsPerGene.out.tab",
                "final_alignment/rep2_0h/rep2_0h_Ribo.SJ.out.tab",
                "final_alignment/rep2_0h/rep2_0h_Ribo.final_alignment.flagstat",
                "final_alignment/rep2_0h/rep2_0h_Ribo.final_alignment.idxstats",
                "final_alignment/rep2_0h/rep2_0h_Ribo.final_alignment.stats",
                "final_alignment/rep2_14h",
                "final_alignment/rep2_14h/rep2_14h_RNA.Aligned.sortedByCoord.out.bam",
                "final_alignment/rep2_14h/rep2_14h_RNA.Aligned.sortedByCoord.out.bam.bai",
                "final_alignment/rep2_14h/rep2_14h_RNA.Aligned.sortedByCoord.out.bam_counts_regions",
                "final_alignment/rep2_14h/rep2_14h_RNA.Aligned.sortedByCoord.out.bam_coverage_minus.bedgraph",
                "final_alignment/rep2_14h/rep2_14h_RNA.Aligned.sortedByCoord.out.bam_coverage_minus.bigWig",
                "final_alignment/rep2_14h/rep2_14h_RNA.Aligned.sortedByCoord.out.bam_coverage_plus.bedgraph",
                "final_alignment/rep2_14h/rep2_14h_RNA.Aligned.sortedByCoord.out.bam_coverage_plus.bigWig",
                "final_alignment/rep2_14h/rep2_14h_RNA.Aligned.sortedByCoord.out.bam_coverage_uniq_minus.bedgraph",
                "final_alignment/rep2_14h/rep2_14h_RNA.Aligned.sortedByCoord.out.bam_coverage_uniq_minus.bigWig",
                "final_alignment/rep2_14h/rep2_14h_RNA.Aligned.sortedByCoord.out.bam_coverage_uniq_plus.bedgraph",
                "final_alignment/rep2_14h/rep2_14h_RNA.Aligned.sortedByCoord.out.bam_coverage_uniq_plus.bigWig",
                "final_alignment/rep2_14h/rep2_14h_RNA.Aligned.sortedByCoord.out.bam_readsRle.RData",
                "final_alignment/rep2_14h/rep2_14h_RNA.Aligned.sortedByCoord.out.bam_strandedness",
                "final_alignment/rep2_14h/rep2_14h_RNA.Log.final.out",
                "final_alignment/rep2_14h/rep2_14h_RNA.Log.out",
                "final_alignment/rep2_14h/rep2_14h_RNA.Log.progress.out",
                "final_alignment/rep2_14h/rep2_14h_RNA.SJ.out.tab",
                "final_alignment/rep2_14h/rep2_14h_RNA.final_alignment.flagstat",
                "final_alignment/rep2_14h/rep2_14h_RNA.final_alignment.idxstats",
                "final_alignment/rep2_14h/rep2_14h_RNA.final_alignment.stats",
                "final_alignment/rep2_14h/rep2_14h_Ribo.Aligned.sortedByCoord.out.bam",
                "final_alignment/rep2_14h/rep2_14h_Ribo.Aligned.sortedByCoord.out.bam.bai",
                "final_alignment/rep2_14h/rep2_14h_Ribo.Aligned.sortedByCoord.out.bam_P_sites_calcs",
                "final_alignment/rep2_14h/rep2_14h_Ribo.Aligned.sortedByCoord.out.bam_P_sites_minus.bedgraph",
                "final_alignment/rep2_14h/rep2_14h_Ribo.Aligned.sortedByCoord.out.bam_P_sites_minus.bigWig",
                "final_alignment/rep2_14h/rep2_14h_Ribo.Aligned.sortedByCoord.out.bam_P_sites_plus.bedgraph",
                "final_alignment/rep2_14h/rep2_14h_Ribo.Aligned.sortedByCoord.out.bam_P_sites_plus.bigWig",
                "final_alignment/rep2_14h/rep2_14h_Ribo.Aligned.sortedByCoord.out.bam_P_sites_uniq_minus.bedgraph",
                "final_alignment/rep2_14h/rep2_14h_Ribo.Aligned.sortedByCoord.out.bam_P_sites_uniq_minus.bigWig",
                "final_alignment/rep2_14h/rep2_14h_Ribo.Aligned.sortedByCoord.out.bam_P_sites_uniq_plus.bedgraph",
                "final_alignment/rep2_14h/rep2_14h_Ribo.Aligned.sortedByCoord.out.bam_P_sites_uniq_plus.bigWig",
                "final_alignment/rep2_14h/rep2_14h_Ribo.Aligned.sortedByCoord.out.bam_counts_regions",
                "final_alignment/rep2_14h/rep2_14h_Ribo.Aligned.sortedByCoord.out.bam_coverage_minus.bedgraph",
                "final_alignment/rep2_14h/rep2_14h_Ribo.Aligned.sortedByCoord.out.bam_coverage_minus.bigWig",
                "final_alignment/rep2_14h/rep2_14h_Ribo.Aligned.sortedByCoord.out.bam_coverage_plus.bedgraph",
                "final_alignment/rep2_14h/rep2_14h_Ribo.Aligned.sortedByCoord.out.bam_coverage_plus.bigWig",
                "final_alignment/rep2_14h/rep2_14h_Ribo.Aligned.sortedByCoord.out.bam_coverage_uniq_minus.bedgraph",
                "final_alignment/rep2_14h/rep2_14h_Ribo.Aligned.sortedByCoord.out.bam_coverage_uniq_minus.bigWig",
                "final_alignment/rep2_14h/rep2_14h_Ribo.Aligned.sortedByCoord.out.bam_coverage_uniq_plus.bedgraph",
                "final_alignment/rep2_14h/rep2_14h_Ribo.Aligned.sortedByCoord.out.bam_coverage_uniq_plus.bigWig",
                "final_alignment/rep2_14h/rep2_14h_Ribo.Aligned.sortedByCoord.out.bam_for_ORFquant",
                "final_alignment/rep2_14h/rep2_14h_Ribo.Aligned.sortedByCoord.out.bam_readsRle.RData",
                "final_alignment/rep2_14h/rep2_14h_Ribo.Aligned.sortedByCoord.out.bam_results_RiboseQC",
                "final_alignment/rep2_14h/rep2_14h_Ribo.Aligned.sortedByCoord.out.bam_results_RiboseQC_all",
                "final_alignment/rep2_14h/rep2_14h_Ribo.Aligned.sortedByCoord.out.bam_strandedness",
                "final_alignment/rep2_14h/rep2_14h_Ribo.Log.final.out",
                "final_alignment/rep2_14h/rep2_14h_Ribo.Log.out",
                "final_alignment/rep2_14h/rep2_14h_Ribo.Log.progress.out",
                "final_alignment/rep2_14h/rep2_14h_Ribo.ReadsPerGene.out.tab",
                "final_alignment/rep2_14h/rep2_14h_Ribo.SJ.out.tab",
                "final_alignment/rep2_14h/rep2_14h_Ribo.final_alignment.flagstat",
                "final_alignment/rep2_14h/rep2_14h_Ribo.final_alignment.idxstats",
                "final_alignment/rep2_14h/rep2_14h_Ribo.final_alignment.stats",
                "first_alignment",
                "first_alignment/firstpass_junctions.txt",
                "first_alignment/rep1_0h",
                "first_alignment/rep1_0h/rep1_0h.first_alignment.Aligned.sortedByCoord.out.bam",
                "first_alignment/rep1_0h/rep1_0h.first_alignment.Aligned.sortedByCoord.out.bam.bai",
                "first_alignment/rep1_0h/rep1_0h.first_alignment.Log.final.out",
                "first_alignment/rep1_0h/rep1_0h.first_alignment.Log.out",
                "first_alignment/rep1_0h/rep1_0h.first_alignment.Log.progress.out",
                "first_alignment/rep1_0h/rep1_0h.first_alignment.SJ.out.tab",
                "first_alignment/rep1_0h/rep1_0h.first_alignment.flagstat",
                "first_alignment/rep1_0h/rep1_0h.first_alignment.idxstats",
                "first_alignment/rep1_0h/rep1_0h.first_alignment.stats",
                "first_alignment/rep1_14h",
                "first_alignment/rep1_14h/rep1_14h.first_alignment.Aligned.sortedByCoord.out.bam",
                "first_alignment/rep1_14h/rep1_14h.first_alignment.Aligned.sortedByCoord.out.bam.bai",
                "first_alignment/rep1_14h/rep1_14h.first_alignment.Log.final.out",
                "first_alignment/rep1_14h/rep1_14h.first_alignment.Log.out",
                "first_alignment/rep1_14h/rep1_14h.first_alignment.Log.progress.out",
                "first_alignment/rep1_14h/rep1_14h.first_alignment.SJ.out.tab",
                "first_alignment/rep1_14h/rep1_14h.first_alignment.flagstat",
                "first_alignment/rep1_14h/rep1_14h.first_alignment.idxstats",
                "first_alignment/rep1_14h/rep1_14h.first_alignment.stats",
                "first_alignment/rep2_0h",
                "first_alignment/rep2_0h/rep2_0h.first_alignment.Aligned.sortedByCoord.out.bam",
                "first_alignment/rep2_0h/rep2_0h.first_alignment.Aligned.sortedByCoord.out.bam.bai",
                "first_alignment/rep2_0h/rep2_0h.first_alignment.Log.final.out",
                "first_alignment/rep2_0h/rep2_0h.first_alignment.Log.out",
                "first_alignment/rep2_0h/rep2_0h.first_alignment.Log.progress.out",
                "first_alignment/rep2_0h/rep2_0h.first_alignment.SJ.out.tab",
                "first_alignment/rep2_0h/rep2_0h.first_alignment.flagstat",
                "first_alignment/rep2_0h/rep2_0h.first_alignment.idxstats",
                "first_alignment/rep2_0h/rep2_0h.first_alignment.stats",
                "first_alignment/rep2_14h",
                "first_alignment/rep2_14h/rep2_14h.first_alignment.Aligned.sortedByCoord.out.bam",
                "first_alignment/rep2_14h/rep2_14h.first_alignment.Aligned.sortedByCoord.out.bam.bai",
                "first_alignment/rep2_14h/rep2_14h.first_alignment.Log.final.out",
                "first_alignment/rep2_14h/rep2_14h.first_alignment.Log.out",
                "first_alignment/rep2_14h/rep2_14h.first_alignment.Log.progress.out",
                "first_alignment/rep2_14h/rep2_14h.first_alignment.SJ.out.tab",
                "first_alignment/rep2_14h/rep2_14h.first_alignment.flagstat",
                "first_alignment/rep2_14h/rep2_14h.first_alignment.idxstats",
                "first_alignment/rep2_14h/rep2_14h.first_alignment.stats",
                "genome",
                "genome/star",
                "genome/star/Genome",
                "genome/star/Log.out",
                "genome/star/SA",
                "genome/star/SAindex",
                "genome/star/chrLength.txt",
                "genome/star/chrName.txt",
                "genome/star/chrNameLength.txt",
                "genome/star/chrStart.txt",
                "genome/star/genomeParameters.txt",
                "multiqc",
                "multiqc/multiqc_data",
                "multiqc/multiqc_data/gffcompare_accuracy_plot_Base-1.txt",
                "multiqc/multiqc_data/gffcompare_accuracy_plot_Base.txt",
                "multiqc/multiqc_data/gffcompare_accuracy_plot_Exon-1.txt",
                "multiqc/multiqc_data/gffcompare_accuracy_plot_Exon.txt",
                "multiqc/multiqc_data/gffcompare_accuracy_plot_Intron-1.txt",
                "multiqc/multiqc_data/gffcompare_accuracy_plot_Intron.txt",
                "multiqc/multiqc_data/gffcompare_accuracy_plot_Intron_chain-1.txt",
                "multiqc/multiqc_data/gffcompare_accuracy_plot_Intron_chain.txt",
                "multiqc/multiqc_data/gffcompare_accuracy_plot_Locus-1.txt",
                "multiqc/multiqc_data/gffcompare_accuracy_plot_Locus.txt",
                "multiqc/multiqc_data/gffcompare_accuracy_plot_Transcript-1.txt",
                "multiqc/multiqc_data/gffcompare_accuracy_plot_Transcript.txt",
                "multiqc/multiqc_data/gffcompare_missing_plot_Exons-1.txt",
                "multiqc/multiqc_data/gffcompare_missing_plot_Exons.txt",
                "multiqc/multiqc_data/gffcompare_missing_plot_Introns-1.txt",
                "multiqc/multiqc_data/gffcompare_missing_plot_Introns.txt",
                "multiqc/multiqc_data/gffcompare_missing_plot_Loci-1.txt",
                "multiqc/multiqc_data/gffcompare_missing_plot_Loci.txt",
                "multiqc/multiqc_data/gffcompare_novel_plot_Exons-1.txt",
                "multiqc/multiqc_data/gffcompare_novel_plot_Exons.txt",
                "multiqc/multiqc_data/gffcompare_novel_plot_Introns-1.txt",
                "multiqc/multiqc_data/gffcompare_novel_plot_Introns.txt",
                "multiqc/multiqc_data/gffcompare_novel_plot_Loci-1.txt",
                "multiqc/multiqc_data/gffcompare_novel_plot_Loci.txt",
                "multiqc/multiqc_data/llms-full.txt",
                "multiqc/multiqc_data/multiqc.log",
                "multiqc/multiqc_data/multiqc.parquet",
                "multiqc/multiqc_data/multiqc_citations.txt",
                "multiqc/multiqc_data/multiqc_data.json",
                "multiqc/multiqc_data/multiqc_gffcompare_gffcompare_reference.txt",
                "multiqc/multiqc_data/multiqc_gffcompare_gffcompare_user_provided.txt",
                "multiqc/multiqc_data/multiqc_software_versions.txt",
                "multiqc/multiqc_data/multiqc_sources.txt",
                "multiqc/multiqc_report.html",
                "pipeline_info",
                "pipeline_info/r2t2p_software_mqc_versions.yml",
                "second_alignment",
                "second_alignment/rep1_0h",
                "second_alignment/rep1_0h/rep1_0h.second_alignment.Aligned.sortedByCoord.out.bam",
                "second_alignment/rep1_0h/rep1_0h.second_alignment.Aligned.sortedByCoord.out.bam.bai",
                "second_alignment/rep1_0h/rep1_0h.second_alignment.Aligned.sortedByCoord.out.bam_counts_regions",
                "second_alignment/rep1_0h/rep1_0h.second_alignment.Aligned.sortedByCoord.out.bam_coverage_minus.bedgraph",
                "second_alignment/rep1_0h/rep1_0h.second_alignment.Aligned.sortedByCoord.out.bam_coverage_plus.bedgraph",
                "second_alignment/rep1_0h/rep1_0h.second_alignment.Aligned.sortedByCoord.out.bam_coverage_uniq_minus.bedgraph",
                "second_alignment/rep1_0h/rep1_0h.second_alignment.Aligned.sortedByCoord.out.bam_coverage_uniq_plus.bedgraph",
                "second_alignment/rep1_0h/rep1_0h.second_alignment.Aligned.sortedByCoord.out.bam_readsRle.RData",
                "second_alignment/rep1_0h/rep1_0h.second_alignment.Aligned.sortedByCoord.out.bam_strandedness",
                "second_alignment/rep1_0h/rep1_0h.second_alignment.Log.final.out",
                "second_alignment/rep1_0h/rep1_0h.second_alignment.Log.out",
                "second_alignment/rep1_0h/rep1_0h.second_alignment.Log.progress.out",
                "second_alignment/rep1_0h/rep1_0h.second_alignment.SJ.out.tab",
                "second_alignment/rep1_0h/rep1_0h.second_alignment.flagstat",
                "second_alignment/rep1_0h/rep1_0h.second_alignment.idxstats",
                "second_alignment/rep1_0h/rep1_0h.second_alignment.stats",
                "second_alignment/rep1_14h",
                "second_alignment/rep1_14h/rep1_14h.second_alignment.Aligned.sortedByCoord.out.bam",
                "second_alignment/rep1_14h/rep1_14h.second_alignment.Aligned.sortedByCoord.out.bam.bai",
                "second_alignment/rep1_14h/rep1_14h.second_alignment.Aligned.sortedByCoord.out.bam_counts_regions",
                "second_alignment/rep1_14h/rep1_14h.second_alignment.Aligned.sortedByCoord.out.bam_coverage_minus.bedgraph",
                "second_alignment/rep1_14h/rep1_14h.second_alignment.Aligned.sortedByCoord.out.bam_coverage_plus.bedgraph",
                "second_alignment/rep1_14h/rep1_14h.second_alignment.Aligned.sortedByCoord.out.bam_coverage_uniq_minus.bedgraph",
                "second_alignment/rep1_14h/rep1_14h.second_alignment.Aligned.sortedByCoord.out.bam_coverage_uniq_plus.bedgraph",
                "second_alignment/rep1_14h/rep1_14h.second_alignment.Aligned.sortedByCoord.out.bam_readsRle.RData",
                "second_alignment/rep1_14h/rep1_14h.second_alignment.Aligned.sortedByCoord.out.bam_strandedness",
                "second_alignment/rep1_14h/rep1_14h.second_alignment.Log.final.out",
                "second_alignment/rep1_14h/rep1_14h.second_alignment.Log.out",
                "second_alignment/rep1_14h/rep1_14h.second_alignment.Log.progress.out",
                "second_alignment/rep1_14h/rep1_14h.second_alignment.SJ.out.tab",
                "second_alignment/rep1_14h/rep1_14h.second_alignment.flagstat",
                "second_alignment/rep1_14h/rep1_14h.second_alignment.idxstats",
                "second_alignment/rep1_14h/rep1_14h.second_alignment.stats",
                "second_alignment/rep2_0h",
                "second_alignment/rep2_0h/rep2_0h.second_alignment.Aligned.sortedByCoord.out.bam",
                "second_alignment/rep2_0h/rep2_0h.second_alignment.Aligned.sortedByCoord.out.bam.bai",
                "second_alignment/rep2_0h/rep2_0h.second_alignment.Aligned.sortedByCoord.out.bam_counts_regions",
                "second_alignment/rep2_0h/rep2_0h.second_alignment.Aligned.sortedByCoord.out.bam_coverage_minus.bedgraph",
                "second_alignment/rep2_0h/rep2_0h.second_alignment.Aligned.sortedByCoord.out.bam_coverage_plus.bedgraph",
                "second_alignment/rep2_0h/rep2_0h.second_alignment.Aligned.sortedByCoord.out.bam_coverage_uniq_minus.bedgraph",
                "second_alignment/rep2_0h/rep2_0h.second_alignment.Aligned.sortedByCoord.out.bam_coverage_uniq_plus.bedgraph",
                "second_alignment/rep2_0h/rep2_0h.second_alignment.Aligned.sortedByCoord.out.bam_readsRle.RData",
                "second_alignment/rep2_0h/rep2_0h.second_alignment.Aligned.sortedByCoord.out.bam_strandedness",
                "second_alignment/rep2_0h/rep2_0h.second_alignment.Log.final.out",
                "second_alignment/rep2_0h/rep2_0h.second_alignment.Log.out",
                "second_alignment/rep2_0h/rep2_0h.second_alignment.Log.progress.out",
                "second_alignment/rep2_0h/rep2_0h.second_alignment.SJ.out.tab",
                "second_alignment/rep2_0h/rep2_0h.second_alignment.flagstat",
                "second_alignment/rep2_0h/rep2_0h.second_alignment.idxstats",
                "second_alignment/rep2_0h/rep2_0h.second_alignment.stats",
                "second_alignment/rep2_14h",
                "second_alignment/rep2_14h/rep2_14h.second_alignment.Aligned.sortedByCoord.out.bam",
                "second_alignment/rep2_14h/rep2_14h.second_alignment.Aligned.sortedByCoord.out.bam.bai",
                "second_alignment/rep2_14h/rep2_14h.second_alignment.Aligned.sortedByCoord.out.bam_counts_regions",
                "second_alignment/rep2_14h/rep2_14h.second_alignment.Aligned.sortedByCoord.out.bam_coverage_minus.bedgraph",
                "second_alignment/rep2_14h/rep2_14h.second_alignment.Aligned.sortedByCoord.out.bam_coverage_plus.bedgraph",
                "second_alignment/rep2_14h/rep2_14h.second_alignment.Aligned.sortedByCoord.out.bam_coverage_uniq_minus.bedgraph",
                "second_alignment/rep2_14h/rep2_14h.second_alignment.Aligned.sortedByCoord.out.bam_coverage_uniq_plus.bedgraph",
                "second_alignment/rep2_14h/rep2_14h.second_alignment.Aligned.sortedByCoord.out.bam_readsRle.RData",
                "second_alignment/rep2_14h/rep2_14h.second_alignment.Aligned.sortedByCoord.out.bam_strandedness",
                "second_alignment/rep2_14h/rep2_14h.second_alignment.Log.final.out",
                "second_alignment/rep2_14h/rep2_14h.second_alignment.Log.out",
                "second_alignment/rep2_14h/rep2_14h.second_alignment.Log.progress.out",
                "second_alignment/rep2_14h/rep2_14h.second_alignment.SJ.out.tab",
                "second_alignment/rep2_14h/rep2_14h.second_alignment.flagstat",
                "second_alignment/rep2_14h/rep2_14h.second_alignment.idxstats",
                "second_alignment/rep2_14h/rep2_14h.second_alignment.stats",
                "transcriptome_assembly",
                "transcriptome_assembly/combined_new_annotated.gtf",
                "transcriptome_assembly/comp_denovo.annotated.gtf",
                "transcriptome_assembly/comp_denovo.annotated_ok.gtf",
                "transcriptome_assembly/comp_denovo.annotated_ok.gtf_stringtie.gtf",
                "transcriptome_assembly/comp_denovo.annotated_ok.gtf_stringtie_Rannot",
                "transcriptome_assembly/comp_denovo.comp_strg_user.merged_with_strg.gtf.refmap",
                "transcriptome_assembly/comp_denovo.comp_strg_user.merged_with_strg.gtf.tmap",
                "transcriptome_assembly/comp_denovo.loci",
                "transcriptome_assembly/comp_denovo.stats",
                "transcriptome_assembly/comp_denovo.tracking",
                "transcriptome_assembly/merge_with_user_provided",
                "transcriptome_assembly/merge_with_user_provided/comp_strg_user.additional_annotation_chr19.gtf.refmap",
                "transcriptome_assembly/merge_with_user_provided/comp_strg_user.additional_annotation_chr19.gtf.tmap",
                "transcriptome_assembly/merge_with_user_provided/comp_strg_user.annotated.gtf",
                "transcriptome_assembly/merge_with_user_provided/comp_strg_user.annotated_ok.gtf",
                "transcriptome_assembly/merge_with_user_provided/comp_strg_user.loci",
                "transcriptome_assembly/merge_with_user_provided/comp_strg_user.merged_with_strg.gtf",
                "transcriptome_assembly/merge_with_user_provided/comp_strg_user.stats",
                "transcriptome_assembly/merge_with_user_provided/comp_strg_user.tracking",
                "transcriptome_assembly/merge_with_user_provided/gene_ID_pairs.tsv",
                "transcriptome_assembly/merged_bams",
                "transcriptome_assembly/merged_bams/merged_bams.annotated_ok.gtf",
                "transcriptome_assembly/merged_bams/merged_bams.ballgown",
                "transcriptome_assembly/merged_bams/merged_bams.ballgown/e2t.ctab",
                "transcriptome_assembly/merged_bams/merged_bams.ballgown/e_data.ctab",
                "transcriptome_assembly/merged_bams/merged_bams.ballgown/i2t.ctab",
                "transcriptome_assembly/merged_bams/merged_bams.ballgown/i_data.ctab",
                "transcriptome_assembly/merged_bams/merged_bams.ballgown/t_data.ctab",
                "transcriptome_assembly/merged_bams/merged_bams.coverage.gtf",
                "transcriptome_assembly/merged_bams/merged_bams.gene.abundance.txt",
                "transcriptome_assembly/merged_bams/merged_bams.transcripts.gtf"
            ],
            [
                "14h_vs_0h_ORFquant_counts.RData:md5,488401a77211b40707753bfdadefcaa0",
                "14h_vs_0h_ORFquant_feats.RData:md5,6eeb1c7dc966dc0e0a6368c28bd0571a",
                "combined_forORFquant.RData_Detected_ORFs.gtf:md5,4124ce3b6e36936603ae4dfcdd93ad5b",
                "combined_forORFquant.RData_Protein_sequences.fasta:md5,5a643e16b07cabc682ed4a7cda4495f4",
                "14h_vs_0h_countmats.RData:md5,32f1ace17301a4b5f2207d7196a9a076",
                "14h_vs_0h_multiDE_results_summary_GO.RData:md5,1082f8a03e88c8e7a0993a7405e0130f",
                "rep1_0h_RNA.Aligned.sortedByCoord.out.bam:md5,a9c95c9cd086d21316af76b11eddb8a3",
                "rep1_0h_RNA.Aligned.sortedByCoord.out.bam.bai:md5,89822a262f85bb4bf85fb9b22a55039e",
                "rep1_0h_RNA.Aligned.sortedByCoord.out.bam_counts_regions:md5,5f4d38b03d653c3e440b16adacdc2a71",
                "rep1_0h_RNA.Aligned.sortedByCoord.out.bam_coverage_minus.bedgraph:md5,e7ba808f3fdc3ecb95ca84f34361a537",
                "rep1_0h_RNA.Aligned.sortedByCoord.out.bam_coverage_minus.bigWig:md5,735916bca196a58d09be9be3854d727f",
                "rep1_0h_RNA.Aligned.sortedByCoord.out.bam_coverage_plus.bedgraph:md5,c03b61352c2d5dcbc5ad3c3ede4cdc62",
                "rep1_0h_RNA.Aligned.sortedByCoord.out.bam_coverage_plus.bigWig:md5,9422519382007cbdca15425341a0e9a8",
                "rep1_0h_RNA.Aligned.sortedByCoord.out.bam_coverage_uniq_minus.bedgraph:md5,330ffb1f71a8588c1aa73489ff24f4d4",
                "rep1_0h_RNA.Aligned.sortedByCoord.out.bam_coverage_uniq_minus.bigWig:md5,a62780658220686a3ae41495f0d7ac25",
                "rep1_0h_RNA.Aligned.sortedByCoord.out.bam_coverage_uniq_plus.bedgraph:md5,8683c25faf9f6aab3f0f851c92d1c5d4",
                "rep1_0h_RNA.Aligned.sortedByCoord.out.bam_coverage_uniq_plus.bigWig:md5,b6791ab92553bef232023a7785676cc6",
                "rep1_0h_RNA.Aligned.sortedByCoord.out.bam_readsRle.RData:md5,48e25eaab0808b1f54743ce12c64a761",
                "rep1_0h_RNA.Aligned.sortedByCoord.out.bam_strandedness:md5,8b7deee54cbcca2653aa17b6c0adf90a",
                "rep1_0h_RNA.SJ.out.tab:md5,635957fc5414b0f6bc88ccadc885fd25",
                "rep1_0h_RNA.final_alignment.flagstat:md5,a43de5c5b7765fce7ca16162dc087f45",
                "rep1_0h_RNA.final_alignment.idxstats:md5,698f8198dd938cbe1bad3af1bd9a3d1d",
                "rep1_0h_RNA.final_alignment.stats:md5,a6d3536e69be69e9ac0ce77602d3c680",
                "rep1_0h_Ribo.Aligned.sortedByCoord.out.bam:md5,76adcc988cd1878722eaa9867b212e4c",
                "rep1_0h_Ribo.Aligned.sortedByCoord.out.bam.bai:md5,d84090dacb0a75e6be69cd125c670ce0",
                "rep1_0h_Ribo.Aligned.sortedByCoord.out.bam_P_sites_calcs:md5,62cbdd420945c79dd46b8b7a63e4f4a2",
                "rep1_0h_Ribo.Aligned.sortedByCoord.out.bam_P_sites_minus.bedgraph:md5,8201487e2a1057c7aa1fe77358c4a7aa",
                "rep1_0h_Ribo.Aligned.sortedByCoord.out.bam_P_sites_minus.bigWig:md5,a845c352cefa1924b128e97d30519ea1",
                "rep1_0h_Ribo.Aligned.sortedByCoord.out.bam_P_sites_plus.bedgraph:md5,7044b01381126f9805a5cfeb4cf3c08e",
                "rep1_0h_Ribo.Aligned.sortedByCoord.out.bam_P_sites_plus.bigWig:md5,c611f6d7b033dfd33f8d8bc258f29a4b",
                "rep1_0h_Ribo.Aligned.sortedByCoord.out.bam_P_sites_uniq_minus.bedgraph:md5,cd40ebfbaef1327d3adbe4aeff7743ae",
                "rep1_0h_Ribo.Aligned.sortedByCoord.out.bam_P_sites_uniq_minus.bigWig:md5,3859f0f318a4a6051f879048c5a047c8",
                "rep1_0h_Ribo.Aligned.sortedByCoord.out.bam_P_sites_uniq_plus.bedgraph:md5,9afad6787040765f9496c9e08891f34e",
                "rep1_0h_Ribo.Aligned.sortedByCoord.out.bam_P_sites_uniq_plus.bigWig:md5,b7be668133fbd1bb10f89c95ca15cec1",
                "rep1_0h_Ribo.Aligned.sortedByCoord.out.bam_counts_regions:md5,6a73d0be2015916a105bd7d0d30525be",
                "rep1_0h_Ribo.Aligned.sortedByCoord.out.bam_coverage_minus.bedgraph:md5,f38fcd0bf271202c969c2f8ed446f78f",
                "rep1_0h_Ribo.Aligned.sortedByCoord.out.bam_coverage_minus.bigWig:md5,2c807cd614fd2f9935206f8aa5301ec3",
                "rep1_0h_Ribo.Aligned.sortedByCoord.out.bam_coverage_plus.bedgraph:md5,cb651ba05840b810e433a2f5328f0c9c",
                "rep1_0h_Ribo.Aligned.sortedByCoord.out.bam_coverage_plus.bigWig:md5,f223dae33cb1a01e6edce56130929971",
                "rep1_0h_Ribo.Aligned.sortedByCoord.out.bam_coverage_uniq_minus.bedgraph:md5,0d634fac88ea8410b149dcb46a9599c8",
                "rep1_0h_Ribo.Aligned.sortedByCoord.out.bam_coverage_uniq_minus.bigWig:md5,06b875698dcbfe9184a601efdcdb836b",
                "rep1_0h_Ribo.Aligned.sortedByCoord.out.bam_coverage_uniq_plus.bedgraph:md5,6699b539c9c3c8c147207dcf2be4df55",
                "rep1_0h_Ribo.Aligned.sortedByCoord.out.bam_coverage_uniq_plus.bigWig:md5,3e3dfbf9fddc0ff2fb61a9859d5954a8",
                "rep1_0h_Ribo.Aligned.sortedByCoord.out.bam_for_ORFquant:md5,7fff676259896a59644da3bb66b71206",
                "rep1_0h_Ribo.Aligned.sortedByCoord.out.bam_readsRle.RData:md5,587805661e90bdd892eb5ccd0f80b684",
                "rep1_0h_Ribo.Aligned.sortedByCoord.out.bam_strandedness:md5,cde5c840fa0fdab29ab913aee2dad90b",
                "rep1_0h_Ribo.ReadsPerGene.out.tab:md5,6e41688511e2075ee03d90a61c3fb4a7",
                "rep1_0h_Ribo.SJ.out.tab:md5,2ebaccc2819d698bbdc28be5d9a7aeb0",
                "rep1_0h_Ribo.final_alignment.flagstat:md5,35a3a6ab707852a1f2c88e40029ab2ef",
                "rep1_0h_Ribo.final_alignment.idxstats:md5,a926f05c5eae2f7f6a9e37428567722a",
                "rep1_0h_Ribo.final_alignment.stats:md5,1f0e2deacf07b61ab8196a559e908956",
                "rep1_14h_RNA.Aligned.sortedByCoord.out.bam:md5,605a6a5a933666b1330ba96aa5a227de",
                "rep1_14h_RNA.Aligned.sortedByCoord.out.bam.bai:md5,694da1effbf8987f81c8e3c7d70186d1",
                "rep1_14h_RNA.Aligned.sortedByCoord.out.bam_counts_regions:md5,1c6c1447c509c829ede69ffa273fea27",
                "rep1_14h_RNA.Aligned.sortedByCoord.out.bam_coverage_minus.bedgraph:md5,8e70e615c9712d2069fede937c8feb6f",
                "rep1_14h_RNA.Aligned.sortedByCoord.out.bam_coverage_minus.bigWig:md5,c86aae4762e0643a667f25615bb2a5d7",
                "rep1_14h_RNA.Aligned.sortedByCoord.out.bam_coverage_plus.bedgraph:md5,72219be7cdbad58fe92eb0d7bbae1d1e",
                "rep1_14h_RNA.Aligned.sortedByCoord.out.bam_coverage_plus.bigWig:md5,a3fca5bc4782b2d9e42fed79b92f9865",
                "rep1_14h_RNA.Aligned.sortedByCoord.out.bam_coverage_uniq_minus.bedgraph:md5,543d8f79bb925d7a62c6292eddb9ae5a",
                "rep1_14h_RNA.Aligned.sortedByCoord.out.bam_coverage_uniq_minus.bigWig:md5,0f5f0266a8e9031440921e6e76167dc0",
                "rep1_14h_RNA.Aligned.sortedByCoord.out.bam_coverage_uniq_plus.bedgraph:md5,1981249e3ba82b11db50bdef50f71903",
                "rep1_14h_RNA.Aligned.sortedByCoord.out.bam_coverage_uniq_plus.bigWig:md5,df255c8157b1040fbed668b90cc134a4",
                "rep1_14h_RNA.Aligned.sortedByCoord.out.bam_readsRle.RData:md5,b7864621557db10ebf4c4293fb1a1853",
                "rep1_14h_RNA.Aligned.sortedByCoord.out.bam_strandedness:md5,2659700c1114a137f826397485a2b376",
                "rep1_14h_RNA.SJ.out.tab:md5,e057a0c3b5c1341a855d8e5d0e78f44b",
                "rep1_14h_RNA.final_alignment.flagstat:md5,808480e0ae7a8f596ea9788a8d02b40c",
                "rep1_14h_RNA.final_alignment.idxstats:md5,3a3a89c3615d971155cef5e62304c059",
                "rep1_14h_RNA.final_alignment.stats:md5,c3a93160fb5a2821534ea8959d918870",
                "rep1_14h_Ribo.Aligned.sortedByCoord.out.bam:md5,417b3f63fb676d240607c7a46a2c00cd",
                "rep1_14h_Ribo.Aligned.sortedByCoord.out.bam.bai:md5,9a59b907d17fa21dd3fedcfa51393381",
                "rep1_14h_Ribo.Aligned.sortedByCoord.out.bam_P_sites_calcs:md5,aa5b7f1b88995df10df7491c0c4a9b6b",
                "rep1_14h_Ribo.Aligned.sortedByCoord.out.bam_P_sites_minus.bedgraph:md5,c7dbe695b46afd025adf242e18afe668",
                "rep1_14h_Ribo.Aligned.sortedByCoord.out.bam_P_sites_minus.bigWig:md5,204e8eacf161033eebe375292e2595f1",
                "rep1_14h_Ribo.Aligned.sortedByCoord.out.bam_P_sites_plus.bedgraph:md5,c7fdc492a2c2cd7fd3a7189f87d5cd0d",
                "rep1_14h_Ribo.Aligned.sortedByCoord.out.bam_P_sites_plus.bigWig:md5,3bc2b5e1ffbdd05a43dd6f05b40f8ec1",
                "rep1_14h_Ribo.Aligned.sortedByCoord.out.bam_P_sites_uniq_minus.bedgraph:md5,374bfc49a586eb79a1a04dd821cc819e",
                "rep1_14h_Ribo.Aligned.sortedByCoord.out.bam_P_sites_uniq_minus.bigWig:md5,528f74f887b9470a02d42516c1efdcdc",
                "rep1_14h_Ribo.Aligned.sortedByCoord.out.bam_P_sites_uniq_plus.bedgraph:md5,639495f642d2351c3c84c88fb7f3550c",
                "rep1_14h_Ribo.Aligned.sortedByCoord.out.bam_P_sites_uniq_plus.bigWig:md5,6f01867de817765c494d97799946ac33",
                "rep1_14h_Ribo.Aligned.sortedByCoord.out.bam_counts_regions:md5,108492e06170544493f4d302a738534f",
                "rep1_14h_Ribo.Aligned.sortedByCoord.out.bam_coverage_minus.bedgraph:md5,0896a60677f2dfa8426deb044e996e60",
                "rep1_14h_Ribo.Aligned.sortedByCoord.out.bam_coverage_minus.bigWig:md5,b81c48c17f26bba48f8863a45a66bff5",
                "rep1_14h_Ribo.Aligned.sortedByCoord.out.bam_coverage_plus.bedgraph:md5,9d1892f18ee6088bacd23ad9a1488ea8",
                "rep1_14h_Ribo.Aligned.sortedByCoord.out.bam_coverage_plus.bigWig:md5,0988437158fd0366afe12de2ac109c9b",
                "rep1_14h_Ribo.Aligned.sortedByCoord.out.bam_coverage_uniq_minus.bedgraph:md5,6759f8d0c769a809953b7f00cc988b45",
                "rep1_14h_Ribo.Aligned.sortedByCoord.out.bam_coverage_uniq_minus.bigWig:md5,d076322f5ec6c6fb620ccd22cd79b030",
                "rep1_14h_Ribo.Aligned.sortedByCoord.out.bam_coverage_uniq_plus.bedgraph:md5,33992f69f791574f38835e2568f3b659",
                "rep1_14h_Ribo.Aligned.sortedByCoord.out.bam_coverage_uniq_plus.bigWig:md5,b65db8bd1160973bc48824538560a22b",
                "rep1_14h_Ribo.Aligned.sortedByCoord.out.bam_for_ORFquant:md5,b680d23789052bab6f7a5ee88c15cb6b",
                "rep1_14h_Ribo.Aligned.sortedByCoord.out.bam_readsRle.RData:md5,2071a2d2d6061779f667aff43ebd8891",
                "rep1_14h_Ribo.Aligned.sortedByCoord.out.bam_strandedness:md5,3f58c0eee2719d72a7190daae79ffdfa",
                "rep1_14h_Ribo.ReadsPerGene.out.tab:md5,a80c04ea368fa024608dc30a2d68ed15",
                "rep1_14h_Ribo.SJ.out.tab:md5,81641a9ea00cd9958495b2e81530cb8c",
                "rep1_14h_Ribo.final_alignment.flagstat:md5,34342c5f1f242686bf5e6894d706292e",
                "rep1_14h_Ribo.final_alignment.idxstats:md5,8e917a7e115b71dfa23aa9a519014d62",
                "rep1_14h_Ribo.final_alignment.stats:md5,e897869aba1ec9cbba960cbb550b9f36",
                "rep2_0h_RNA.Aligned.sortedByCoord.out.bam:md5,30c01862a0433481737275ef3754170c",
                "rep2_0h_RNA.Aligned.sortedByCoord.out.bam.bai:md5,0d185a96bd32ff980aee79d63523eba5",
                "rep2_0h_RNA.Aligned.sortedByCoord.out.bam_counts_regions:md5,18069b3316b04925c7714396ba7408d1",
                "rep2_0h_RNA.Aligned.sortedByCoord.out.bam_coverage_minus.bedgraph:md5,af6a17cbdf9733283dab6983957f96d4",
                "rep2_0h_RNA.Aligned.sortedByCoord.out.bam_coverage_minus.bigWig:md5,0c98a3ef558ac08200aca3c42f510759",
                "rep2_0h_RNA.Aligned.sortedByCoord.out.bam_coverage_plus.bedgraph:md5,3a4fc51bf5398e01e581653ccaa5c19b",
                "rep2_0h_RNA.Aligned.sortedByCoord.out.bam_coverage_plus.bigWig:md5,d14f4d2c18a3e46d674ed2bc630eb106",
                "rep2_0h_RNA.Aligned.sortedByCoord.out.bam_coverage_uniq_minus.bedgraph:md5,03fe3acbc98b6459dbe8e02479fb99ed",
                "rep2_0h_RNA.Aligned.sortedByCoord.out.bam_coverage_uniq_minus.bigWig:md5,f73d463ad3d9c94e0cc39d72f325244d",
                "rep2_0h_RNA.Aligned.sortedByCoord.out.bam_coverage_uniq_plus.bedgraph:md5,4f57914cb94cfff2d72536a4c459c8de",
                "rep2_0h_RNA.Aligned.sortedByCoord.out.bam_coverage_uniq_plus.bigWig:md5,a7d00ad487388f2f7071f351b2245d4f",
                "rep2_0h_RNA.Aligned.sortedByCoord.out.bam_readsRle.RData:md5,e06a61fd215e43b8c2e5f1a3e135b51f",
                "rep2_0h_RNA.Aligned.sortedByCoord.out.bam_strandedness:md5,011725675eaef966bfec23ce382c9ba2",
                "rep2_0h_RNA.SJ.out.tab:md5,1b94650320c6a874edd80473009fa4bc",
                "rep2_0h_RNA.final_alignment.flagstat:md5,a15d254ec1d6fb2266e9b1128b04a585",
                "rep2_0h_RNA.final_alignment.idxstats:md5,8991d184ed5bdefef155ef9712eb5239",
                "rep2_0h_RNA.final_alignment.stats:md5,6e506090078b836e12427cb1056f720a",
                "rep2_0h_Ribo.Aligned.sortedByCoord.out.bam:md5,3fd10c1754af5a7cfb8d674e7367e00f",
                "rep2_0h_Ribo.Aligned.sortedByCoord.out.bam.bai:md5,6a58cbc7926eeb696dc150c4c6dcbda4",
                "rep2_0h_Ribo.Aligned.sortedByCoord.out.bam_P_sites_calcs:md5,19f0046f3ec220430227b14efad755f3",
                "rep2_0h_Ribo.Aligned.sortedByCoord.out.bam_P_sites_minus.bedgraph:md5,4bdcf9945496e389621369c9916bc206",
                "rep2_0h_Ribo.Aligned.sortedByCoord.out.bam_P_sites_minus.bigWig:md5,8a8845288f86ebcffe4290e5faf30925",
                "rep2_0h_Ribo.Aligned.sortedByCoord.out.bam_P_sites_plus.bedgraph:md5,ed22f103578e3502e8a63c1ec6e0f2cf",
                "rep2_0h_Ribo.Aligned.sortedByCoord.out.bam_P_sites_plus.bigWig:md5,6b02bc0c6630bdba14460c832640720e",
                "rep2_0h_Ribo.Aligned.sortedByCoord.out.bam_P_sites_uniq_minus.bedgraph:md5,9ee3ba04feb0d678dc9373e986a53bef",
                "rep2_0h_Ribo.Aligned.sortedByCoord.out.bam_P_sites_uniq_minus.bigWig:md5,8829b90ba69f9d3a20063234d9b8491a",
                "rep2_0h_Ribo.Aligned.sortedByCoord.out.bam_P_sites_uniq_plus.bedgraph:md5,bfc5444dc318e56891bc21299e4c11e2",
                "rep2_0h_Ribo.Aligned.sortedByCoord.out.bam_P_sites_uniq_plus.bigWig:md5,ff03cd55ac071cbde0f11a86f82021f7",
                "rep2_0h_Ribo.Aligned.sortedByCoord.out.bam_counts_regions:md5,1c4efddd4a93e9ea7761ab89301f0ea6",
                "rep2_0h_Ribo.Aligned.sortedByCoord.out.bam_coverage_minus.bedgraph:md5,d5505b613d341c2081b7564af8eda1a2",
                "rep2_0h_Ribo.Aligned.sortedByCoord.out.bam_coverage_minus.bigWig:md5,eacf066217a7c3932602c04d3a16e3fb",
                "rep2_0h_Ribo.Aligned.sortedByCoord.out.bam_coverage_plus.bedgraph:md5,67029de29770c7bd9c701abdb55d7968",
                "rep2_0h_Ribo.Aligned.sortedByCoord.out.bam_coverage_plus.bigWig:md5,f064770a3f331610e74177614b9a09e5",
                "rep2_0h_Ribo.Aligned.sortedByCoord.out.bam_coverage_uniq_minus.bedgraph:md5,32a7159e06b0ab12347eb6c504867b47",
                "rep2_0h_Ribo.Aligned.sortedByCoord.out.bam_coverage_uniq_minus.bigWig:md5,d79fd0f24ad504c22d765fd3e9848da2",
                "rep2_0h_Ribo.Aligned.sortedByCoord.out.bam_coverage_uniq_plus.bedgraph:md5,ce13d7cb63eb19f979fa31eec807299f",
                "rep2_0h_Ribo.Aligned.sortedByCoord.out.bam_coverage_uniq_plus.bigWig:md5,9ecf69f0518067215c6f25d21bfc3066",
                "rep2_0h_Ribo.Aligned.sortedByCoord.out.bam_for_ORFquant:md5,06af5efef7b0d568203bbecd9665d98a",
                "rep2_0h_Ribo.Aligned.sortedByCoord.out.bam_readsRle.RData:md5,34d08ffc09caa22780c8688686395770",
                "rep2_0h_Ribo.Aligned.sortedByCoord.out.bam_strandedness:md5,5da9f6f1db80680201cb2feb553b28b5",
                "rep2_0h_Ribo.ReadsPerGene.out.tab:md5,8a3f8141a32e76dac842062fdacef636",
                "rep2_0h_Ribo.SJ.out.tab:md5,286e769498d27a5212598285f8e3b22a",
                "rep2_0h_Ribo.final_alignment.flagstat:md5,18dafea9553a017b1448c7e3a336cb72",
                "rep2_0h_Ribo.final_alignment.idxstats:md5,186d5b950fef71ea9bab76344bc7954d",
                "rep2_0h_Ribo.final_alignment.stats:md5,962d810cba5ed8201a65acc510ecef91",
                "rep2_14h_RNA.Aligned.sortedByCoord.out.bam:md5,bc9bc821e5113cd673e5e1ce562c94d3",
                "rep2_14h_RNA.Aligned.sortedByCoord.out.bam.bai:md5,dfc841aa6e6d78a90c86dae760299cff",
                "rep2_14h_RNA.Aligned.sortedByCoord.out.bam_counts_regions:md5,c4c16456af8f0edc7475d51581239980",
                "rep2_14h_RNA.Aligned.sortedByCoord.out.bam_coverage_minus.bedgraph:md5,88a2bee6a4a645ea5e1710c50d8b4778",
                "rep2_14h_RNA.Aligned.sortedByCoord.out.bam_coverage_minus.bigWig:md5,6d567fbe3dc893e856b1f9790f8cc52f",
                "rep2_14h_RNA.Aligned.sortedByCoord.out.bam_coverage_plus.bedgraph:md5,741f14c11154ee8abee8727860c32967",
                "rep2_14h_RNA.Aligned.sortedByCoord.out.bam_coverage_plus.bigWig:md5,6c33dfcbba953902df47e097dfd97211",
                "rep2_14h_RNA.Aligned.sortedByCoord.out.bam_coverage_uniq_minus.bedgraph:md5,1523c91cb883d2241f2a0ad9fdcc68f0",
                "rep2_14h_RNA.Aligned.sortedByCoord.out.bam_coverage_uniq_minus.bigWig:md5,ed0151993e0d5bd9c6af4019c0480b94",
                "rep2_14h_RNA.Aligned.sortedByCoord.out.bam_coverage_uniq_plus.bedgraph:md5,d6c00a48206216ace231d140868be396",
                "rep2_14h_RNA.Aligned.sortedByCoord.out.bam_coverage_uniq_plus.bigWig:md5,190e91714b5db0bae6270093e08b0c83",
                "rep2_14h_RNA.Aligned.sortedByCoord.out.bam_readsRle.RData:md5,14490712888272e1a62b99851aeb95c4",
                "rep2_14h_RNA.Aligned.sortedByCoord.out.bam_strandedness:md5,b70434559476fbd030f1e0944549090c",
                "rep2_14h_RNA.SJ.out.tab:md5,4cae4f58ed60f79a62811f5da01b4303",
                "rep2_14h_RNA.final_alignment.flagstat:md5,11b8b1584be4c5a4d8b7bcdb6ee69724",
                "rep2_14h_RNA.final_alignment.idxstats:md5,648e61bfb83e0887056298e2ab753ed2",
                "rep2_14h_RNA.final_alignment.stats:md5,dd18dd6e6b048a57e4c67d75bb9ad1c8",
                "rep2_14h_Ribo.Aligned.sortedByCoord.out.bam:md5,02d58c166f78d996bf9951c6f1e27e38",
                "rep2_14h_Ribo.Aligned.sortedByCoord.out.bam.bai:md5,922b0ddacfa0393156c8988f032b4935",
                "rep2_14h_Ribo.Aligned.sortedByCoord.out.bam_P_sites_calcs:md5,12653691c29d3d23130aaa21b93099cd",
                "rep2_14h_Ribo.Aligned.sortedByCoord.out.bam_P_sites_minus.bedgraph:md5,3c3d54baa9bd26c9661dbc355cce9856",
                "rep2_14h_Ribo.Aligned.sortedByCoord.out.bam_P_sites_minus.bigWig:md5,e2ef742e2e5edafbb10ea8d4c2f3ff95",
                "rep2_14h_Ribo.Aligned.sortedByCoord.out.bam_P_sites_plus.bedgraph:md5,7fc7e8281704eeee6e08d1520ac0e7e3",
                "rep2_14h_Ribo.Aligned.sortedByCoord.out.bam_P_sites_plus.bigWig:md5,b4d02a4869ef21792d603b91ed15737c",
                "rep2_14h_Ribo.Aligned.sortedByCoord.out.bam_P_sites_uniq_minus.bedgraph:md5,c7aafcee6d4a367cf0100b0b963b405c",
                "rep2_14h_Ribo.Aligned.sortedByCoord.out.bam_P_sites_uniq_minus.bigWig:md5,7275dbb7f00c2f171ec56f2f43c9bdb7",
                "rep2_14h_Ribo.Aligned.sortedByCoord.out.bam_P_sites_uniq_plus.bedgraph:md5,02732d13ea5e3eab4d4c153e1d7d005a",
                "rep2_14h_Ribo.Aligned.sortedByCoord.out.bam_P_sites_uniq_plus.bigWig:md5,4b58c0ce5998557ff44762948ff73edc",
                "rep2_14h_Ribo.Aligned.sortedByCoord.out.bam_counts_regions:md5,e62a75bdffa34788e959461afa13efd9",
                "rep2_14h_Ribo.Aligned.sortedByCoord.out.bam_coverage_minus.bedgraph:md5,c6e5535bf5157c8be0edbe6e0c826f46",
                "rep2_14h_Ribo.Aligned.sortedByCoord.out.bam_coverage_minus.bigWig:md5,70488e80c847a0bc6239d352383aee98",
                "rep2_14h_Ribo.Aligned.sortedByCoord.out.bam_coverage_plus.bedgraph:md5,47fae59adfb8fb8839448fbc434e05e3",
                "rep2_14h_Ribo.Aligned.sortedByCoord.out.bam_coverage_plus.bigWig:md5,f4e9bf831dbdadb0f97f566a78f5e2b4",
                "rep2_14h_Ribo.Aligned.sortedByCoord.out.bam_coverage_uniq_minus.bedgraph:md5,54fc7f102b76b894e8ba3cac3ae4dc62",
                "rep2_14h_Ribo.Aligned.sortedByCoord.out.bam_coverage_uniq_minus.bigWig:md5,92cb97cd3b049205d753419b753a8631",
                "rep2_14h_Ribo.Aligned.sortedByCoord.out.bam_coverage_uniq_plus.bedgraph:md5,6d2eb7ebbfbd1edfc8cc5e76564877fa",
                "rep2_14h_Ribo.Aligned.sortedByCoord.out.bam_coverage_uniq_plus.bigWig:md5,4b37def3154874ee53ede76420437ac0",
                "rep2_14h_Ribo.Aligned.sortedByCoord.out.bam_for_ORFquant:md5,088437be763773d252397d6a8a274c1e",
                "rep2_14h_Ribo.Aligned.sortedByCoord.out.bam_readsRle.RData:md5,b4b751b3827c11422bf7ba9fe5f08892",
                "rep2_14h_Ribo.Aligned.sortedByCoord.out.bam_strandedness:md5,89d231482cba8c7f5c83b31e0471f0a3",
                "rep2_14h_Ribo.ReadsPerGene.out.tab:md5,a10860cb1aac021e350db30bf90f71a7",
                "rep2_14h_Ribo.SJ.out.tab:md5,8e9c49ac3c3ff294f0739562521d91ae",
                "rep2_14h_Ribo.final_alignment.flagstat:md5,54c541dbc5d260792751881e374cbbe0",
                "rep2_14h_Ribo.final_alignment.idxstats:md5,5cc197cfd7045a9b274841e24a3fe08a",
                "rep2_14h_Ribo.final_alignment.stats:md5,5495a186d588ab316388c2da7fc11192",
                "firstpass_junctions.txt:md5,92bca4f2494ad22c49c60e818bfe933f",
                "rep1_0h.first_alignment.Aligned.sortedByCoord.out.bam:md5,834a0e4a33a0ef38f457280c182f1f94",
                "rep1_0h.first_alignment.Aligned.sortedByCoord.out.bam.bai:md5,8230d92d29315ea90c9632898fc09c7b",
                "rep1_0h.first_alignment.SJ.out.tab:md5,f23912ca10577ff5e0eb1dc7f22dd06e",
                "rep1_0h.first_alignment.flagstat:md5,c8daffadb037f6594be2ee3427c44dd6",
                "rep1_0h.first_alignment.idxstats:md5,850b5c44f569fd0c3059595b65931b25",
                "rep1_0h.first_alignment.stats:md5,b00ade52b0360419aa2ed0340b2a2a8b",
                "rep1_14h.first_alignment.Aligned.sortedByCoord.out.bam:md5,8633f0e15cd4e9354af2b76b64933dbe",
                "rep1_14h.first_alignment.Aligned.sortedByCoord.out.bam.bai:md5,d7678257a4504525778ffd22f80c4c16",
                "rep1_14h.first_alignment.SJ.out.tab:md5,abb364011dea76b69ed1c9787474906d",
                "rep1_14h.first_alignment.flagstat:md5,71c45477f70d97307df6f3e57dc898f8",
                "rep1_14h.first_alignment.idxstats:md5,51a2567f72589ebc847975fa50e362b8",
                "rep1_14h.first_alignment.stats:md5,e03a1baf8a20e0d8dfabd41ce9dd58e7",
                "rep2_0h.first_alignment.Aligned.sortedByCoord.out.bam:md5,aa2e36fc8fe858591d2e516b73ed01d3",
                "rep2_0h.first_alignment.Aligned.sortedByCoord.out.bam.bai:md5,2233ff0e950668f7a15b63dbf929f49f",
                "rep2_0h.first_alignment.SJ.out.tab:md5,e1f334d46db71bea867198851cc40765",
                "rep2_0h.first_alignment.flagstat:md5,8c4b59673863e636b13b668370219058",
                "rep2_0h.first_alignment.idxstats:md5,d0f43c07ea6213efa13566c353805f9a",
                "rep2_0h.first_alignment.stats:md5,2cc5615099b07ba743eefe899f7aa831",
                "rep2_14h.first_alignment.Aligned.sortedByCoord.out.bam:md5,25394f1347c1c95aad56383e22ed4c3f",
                "rep2_14h.first_alignment.Aligned.sortedByCoord.out.bam.bai:md5,978dadd5bac80bdf4b4bd56317aaa3e5",
                "rep2_14h.first_alignment.SJ.out.tab:md5,ef494bf06854b5d4733e96e5a0e4c27e",
                "rep2_14h.first_alignment.flagstat:md5,20e8683595073bf8042f26c0422d32ac",
                "rep2_14h.first_alignment.idxstats:md5,aa32bdc07babe78ea09fb5a6d0b22b29",
                "rep2_14h.first_alignment.stats:md5,830b1842e423e6a9319c748bae963ef6",
                "Genome:md5,6af2c13094e7853b3b794b73da9822cd",
                "SA:md5,476ca78e8b71a29426b7ec4143f8ad2e",
                "SAindex:md5,20d6c23a895fecb056f900bccc1847f4",
                "chrLength.txt:md5,9f6510161ccc1ebd1627e3bfef30f7bd",
                "chrName.txt:md5,255cdc5fefdc3ff84cfe3f3270ab8fed",
                "chrNameLength.txt:md5,7af90b9fadda4a6d2b08b62f61cc2c7b",
                "chrStart.txt:md5,2c0778c7c8f1fcb59c565669d708d8fa",
                "genomeParameters.txt:md5,0fd0ef5ca84b803b79ecd0525a8e141b",
                "gffcompare_accuracy_plot_Base-1.txt:md5,2459138bd0cce6c52a0c573e5f33e8f2",
                "gffcompare_accuracy_plot_Base.txt:md5,530f40604d0cdc80ae3a97b20cf6e5dd",
                "gffcompare_accuracy_plot_Exon-1.txt:md5,ec9d24ce825adf05308a89a696811d85",
                "gffcompare_accuracy_plot_Exon.txt:md5,5930495c2e1af88dcc801bb1de8330b7",
                "gffcompare_accuracy_plot_Intron-1.txt:md5,3ae7e716ab7752f957429185c4b69347",
                "gffcompare_accuracy_plot_Intron.txt:md5,cd464715cc00cb988a264a69e26d9570",
                "gffcompare_accuracy_plot_Intron_chain-1.txt:md5,6f34a428518057fc670c522fb78cf8e4",
                "gffcompare_accuracy_plot_Intron_chain.txt:md5,db788ed166ff76560810738628c925e8",
                "gffcompare_accuracy_plot_Locus-1.txt:md5,26fed59d3b7bf6c4492ea3f3fec842bf",
                "gffcompare_accuracy_plot_Locus.txt:md5,ac89914a1317c3661237cb8d4f2a62a2",
                "gffcompare_accuracy_plot_Transcript-1.txt:md5,53924ea375b2f836bc080c526fbef7ad",
                "gffcompare_accuracy_plot_Transcript.txt:md5,1846bdb2e9c2e98829c37437f253b06a",
                "gffcompare_missing_plot_Exons-1.txt:md5,be4528b931cf8ceff95a259cd825b73f",
                "gffcompare_missing_plot_Exons.txt:md5,5a5f28c8ec295daa85b7f948f14948a0",
                "gffcompare_missing_plot_Introns-1.txt:md5,de9d1141598cbd1077a91faa8a2a2e4c",
                "gffcompare_missing_plot_Introns.txt:md5,c0a4e338c12833c52c9a0167861fdc13",
                "gffcompare_missing_plot_Loci-1.txt:md5,54eb2a4ff5f48b8195b1831399b2653d",
                "gffcompare_missing_plot_Loci.txt:md5,bf88dc8f0b98c634cd237614d660c06d",
                "gffcompare_novel_plot_Exons-1.txt:md5,2f50a4420df7eb372ca97da3cd73823a",
                "gffcompare_novel_plot_Exons.txt:md5,a054c258127382694b4c31bc8e50f1ce",
                "gffcompare_novel_plot_Introns-1.txt:md5,c2c7e0214048db579ee2246283f1dab2",
                "gffcompare_novel_plot_Introns.txt:md5,68f64887bbc0a507722993b48ee21b47",
                "gffcompare_novel_plot_Loci-1.txt:md5,77007c8925c59796b1f236003af05315",
                "gffcompare_novel_plot_Loci.txt:md5,957285ac58b6059274ec353f990f2464",
                "multiqc_citations.txt:md5,64aff2c7bafe5681f8d33b693f5ee45f",
                "multiqc_gffcompare_gffcompare_reference.txt:md5,fc2c0e64d844fa380cbb1d5ac188e2dd",
                "multiqc_gffcompare_gffcompare_user_provided.txt:md5,3aa6b6ac1fdc434346b179e6a559641b",
                "rep1_0h.second_alignment.Aligned.sortedByCoord.out.bam:md5,a36a0a4d1768d65c8c37d2cc46faa0ec",
                "rep1_0h.second_alignment.Aligned.sortedByCoord.out.bam.bai:md5,8bd7f58242fc81959a6aaf6e1045b160",
                "rep1_0h.second_alignment.Aligned.sortedByCoord.out.bam_counts_regions:md5,96e277641b7fb9ccca0c39462309bc14",
                "rep1_0h.second_alignment.Aligned.sortedByCoord.out.bam_coverage_minus.bedgraph:md5,7b1c66ee9fe12cc8677284ecef805692",
                "rep1_0h.second_alignment.Aligned.sortedByCoord.out.bam_coverage_plus.bedgraph:md5,2aa9327f37b2a42a289edb1a877aabb5",
                "rep1_0h.second_alignment.Aligned.sortedByCoord.out.bam_coverage_uniq_minus.bedgraph:md5,44342fc000fa99009c37e8b5d1eea7bf",
                "rep1_0h.second_alignment.Aligned.sortedByCoord.out.bam_coverage_uniq_plus.bedgraph:md5,528474bbf7a36e92fa29c54743461cc8",
                "rep1_0h.second_alignment.Aligned.sortedByCoord.out.bam_readsRle.RData:md5,eddbdb71bd0054f076e9f79ee618622d",
                "rep1_0h.second_alignment.Aligned.sortedByCoord.out.bam_strandedness:md5,8b7deee54cbcca2653aa17b6c0adf90a",
                "rep1_0h.second_alignment.SJ.out.tab:md5,d51fbda0f47df5155d343fc403afb446",
                "rep1_0h.second_alignment.flagstat:md5,a43de5c5b7765fce7ca16162dc087f45",
                "rep1_0h.second_alignment.idxstats:md5,698f8198dd938cbe1bad3af1bd9a3d1d",
                "rep1_0h.second_alignment.stats:md5,e7d24e4a38946fa1fb5321089697e040",
                "rep1_14h.second_alignment.Aligned.sortedByCoord.out.bam:md5,0bad179d1307fbda931a35292dd6dffa",
                "rep1_14h.second_alignment.Aligned.sortedByCoord.out.bam.bai:md5,c39b24aeafbf8c93cb3338cefe4d6873",
                "rep1_14h.second_alignment.Aligned.sortedByCoord.out.bam_counts_regions:md5,dcb5d14a170937783e19aa71a167483b",
                "rep1_14h.second_alignment.Aligned.sortedByCoord.out.bam_coverage_minus.bedgraph:md5,dec9fec05ef738f0e21bf9c09779ea49",
                "rep1_14h.second_alignment.Aligned.sortedByCoord.out.bam_coverage_plus.bedgraph:md5,b507549373ab020978525e7a731faed9",
                "rep1_14h.second_alignment.Aligned.sortedByCoord.out.bam_coverage_uniq_minus.bedgraph:md5,2d54b2c190417ec0377d6b312804a8ab",
                "rep1_14h.second_alignment.Aligned.sortedByCoord.out.bam_coverage_uniq_plus.bedgraph:md5,82107f50561a8d1f7787c2bbca6b06ed",
                "rep1_14h.second_alignment.Aligned.sortedByCoord.out.bam_readsRle.RData:md5,96453c5a079939a2bbcf648250e08561",
                "rep1_14h.second_alignment.Aligned.sortedByCoord.out.bam_strandedness:md5,d637d2a736de24c7367e75772683eabe",
                "rep1_14h.second_alignment.SJ.out.tab:md5,1dbd139e56a734e90fb7c6b5dab378e2",
                "rep1_14h.second_alignment.flagstat:md5,77503106c57bb2937aa4d6e760b2524a",
                "rep1_14h.second_alignment.idxstats:md5,a6ec6543a97e3d561b82ccf44e99e988",
                "rep1_14h.second_alignment.stats:md5,cf0cbecb4aa29f91732c55a59fb5897e",
                "rep2_0h.second_alignment.Aligned.sortedByCoord.out.bam:md5,a470b44fbafee2271cb90a5d6da10f3f",
                "rep2_0h.second_alignment.Aligned.sortedByCoord.out.bam.bai:md5,65e831eed593d64bdd5aedb90d4bb826",
                "rep2_0h.second_alignment.Aligned.sortedByCoord.out.bam_counts_regions:md5,bd4a01609d4ef623912f7f9ff6ab41a9",
                "rep2_0h.second_alignment.Aligned.sortedByCoord.out.bam_coverage_minus.bedgraph:md5,0868ae9a602082b0a5ff8f886a394ef6",
                "rep2_0h.second_alignment.Aligned.sortedByCoord.out.bam_coverage_plus.bedgraph:md5,2b21a89a4be88f4b728c1a07d3c44a6a",
                "rep2_0h.second_alignment.Aligned.sortedByCoord.out.bam_coverage_uniq_minus.bedgraph:md5,811364b25da037262ec1af71e3b0d5c7",
                "rep2_0h.second_alignment.Aligned.sortedByCoord.out.bam_coverage_uniq_plus.bedgraph:md5,e93f778fb160b6b1f7da2db4c80f82fc",
                "rep2_0h.second_alignment.Aligned.sortedByCoord.out.bam_readsRle.RData:md5,695eaa4b6a19774156b4fff8c578486c",
                "rep2_0h.second_alignment.Aligned.sortedByCoord.out.bam_strandedness:md5,011725675eaef966bfec23ce382c9ba2",
                "rep2_0h.second_alignment.SJ.out.tab:md5,aa37f6aeaa20c38289d4f0d0f323c5b6",
                "rep2_0h.second_alignment.flagstat:md5,a8c4308c90735c238a236999409d3a68",
                "rep2_0h.second_alignment.idxstats:md5,d4a18205d68a0e7e48bb1eb67700f4bb",
                "rep2_0h.second_alignment.stats:md5,e0b6e72424a1e065cb611ab47c41c95d",
                "rep2_14h.second_alignment.Aligned.sortedByCoord.out.bam:md5,3d01cfc8e3631d7f7eed7c11ab1ada45",
                "rep2_14h.second_alignment.Aligned.sortedByCoord.out.bam.bai:md5,c773e8abfeb805758f4460ba354e27f6",
                "rep2_14h.second_alignment.Aligned.sortedByCoord.out.bam_counts_regions:md5,eed5b5c6fa038b1a01888bfc72a24449",
                "rep2_14h.second_alignment.Aligned.sortedByCoord.out.bam_coverage_minus.bedgraph:md5,6abf93725f11dcdcebd3193a4a0cb85f",
                "rep2_14h.second_alignment.Aligned.sortedByCoord.out.bam_coverage_plus.bedgraph:md5,9f0f307f5f4df6b1fc184edf037558d2",
                "rep2_14h.second_alignment.Aligned.sortedByCoord.out.bam_coverage_uniq_minus.bedgraph:md5,201efb1c216d06d2c68a921e856a40f1",
                "rep2_14h.second_alignment.Aligned.sortedByCoord.out.bam_coverage_uniq_plus.bedgraph:md5,8b6febb732bfc053c5573b5f99eb0f87",
                "rep2_14h.second_alignment.Aligned.sortedByCoord.out.bam_readsRle.RData:md5,ba0ecdbc0a751612924b0ba06c3a30a5",
                "rep2_14h.second_alignment.Aligned.sortedByCoord.out.bam_strandedness:md5,611a01004939aedbb58dec2438e5b34b",
                "rep2_14h.second_alignment.SJ.out.tab:md5,dc768956eac8aa1710d5790080525f6b",
                "rep2_14h.second_alignment.flagstat:md5,11b8b1584be4c5a4d8b7bcdb6ee69724",
                "rep2_14h.second_alignment.idxstats:md5,648e61bfb83e0887056298e2ab753ed2",
                "rep2_14h.second_alignment.stats:md5,1b068f3da1cdb092266d4c30fbfcdb29",
                "combined_new_annotated.gtf:md5,adbca8c1da8db5a37de7d8c7c8809998",
                "comp_denovo.annotated.gtf:md5,72fd2c1ac3173d0df77cf827683baae4",
                "comp_denovo.annotated_ok.gtf:md5,72fd2c1ac3173d0df77cf827683baae4",
                "comp_denovo.annotated_ok.gtf_stringtie.gtf:md5,86e8f4b18f09c8a8824362dcef9f9091",
                "comp_denovo.comp_strg_user.merged_with_strg.gtf.refmap:md5,8fb3abe5da14f7648d41e08e87077034",
                "comp_denovo.comp_strg_user.merged_with_strg.gtf.tmap:md5,e77d4db6058aed89e83fa658ff41c73c",
                "comp_denovo.loci:md5,6ebe6fa37a4498a9039bbb7cb3c2dcbf",
                "comp_denovo.stats:md5,01cdcd637a32ec4c6bc4a3ce21ac5762",
                "comp_denovo.tracking:md5,7eddca7b0892130083931ea953033acf",
                "comp_strg_user.additional_annotation_chr19.gtf.refmap:md5,1f06b85bb4a8f0134b8bee195dcb4587",
                "comp_strg_user.additional_annotation_chr19.gtf.tmap:md5,cd591038042a8f5b7d1ae8fbfe211f48",
                "comp_strg_user.annotated.gtf:md5,56579c64001ef0ed6fb29a7f703b0f64",
                "comp_strg_user.annotated_ok.gtf:md5,56579c64001ef0ed6fb29a7f703b0f64",
                "comp_strg_user.loci:md5,19d03bb27eedf9c8638281192849423e",
                "comp_strg_user.merged_with_strg.gtf:md5,6c419b4ac9d547f1afdc8d91791f1d83",
                "comp_strg_user.stats:md5,17a0f02ce2da5e6be14b3e59a16e482f",
                "comp_strg_user.tracking:md5,4c7e569cdcbb4d190616efc9318fec8c",
                "gene_ID_pairs.tsv:md5,2b742679277c22fd9e273125b598174e",
                "e2t.ctab:md5,6325481b5f679bd1fe0db059cfc5d46c",
                "i2t.ctab:md5,8c0eb7f9454ac82dad252699448c1370",
                "i_data.ctab:md5,d42c3dbfd48e127929a83f6c6ae59e15",
                "merged_bams.coverage.gtf:md5,e3d49ce4eb1928f1ca8e60187fbb8d9d"
            ]
        ],
        "meta": {
            "nf-test": "0.9.3",
            "nextflow": "25.10.4"
        },
        "timestamp": "2026-05-11T15:22:25.890617104"
    }
}