{
    "-profile test": {
        "content": [
            {
                "CAT_GTF": {
                    "cat": 9.5
                },
                "CREATE_FIRSTPASS_JUNCTIONS": {
                    "R": "4.4.3",
                    "BSgenome.any.species.GRCh38": "1.0",
                    "RiboseQC": "0.99.0",
                    "GenomicFeatures": "1.58.0",
                    "AnnotationDbi": "1.68.0",
                    "viridis": "0.6.5",
                    "viridisLite": "0.4.2",
                    "ggpubr": "0.6.1",
                    "gridExtra": "2.3",
                    "DT": "0.34.0",
                    "knitr": "1.50",
                    "ggplot2": "4.0.0",
                    "reshape2": "1.4.4",
                    "devtools": "2.4.5",
                    "usethis": "3.2.1",
                    "GenomicFiles": "1.42.0",
                    "BiocParallel": "1.40.2",
                    "BSgenome": "1.74.0",
                    "BiocIO": "1.16.0",
                    "GenomicAlignments": "1.42.0",
                    "Rsamtools": "2.22.0",
                    "Biostrings": "2.74.1",
                    "XVector": "0.46.0",
                    "SummarizedExperiment": "1.36.0",
                    "Biobase": "2.66.0",
                    "MatrixGenerics": "1.18.1",
                    "matrixStats": "1.5.0",
                    "rtracklayer": "1.66.0",
                    "GenomicRanges": "1.58.0",
                    "GenomeInfoDb": "1.42.3",
                    "IRanges": "2.40.1",
                    "S4Vectors": "0.44.0",
                    "BiocGenerics": "0.52.0",
                    "rmarkdown": "2.29"
                },
                "CUSTOM_GETCHROMSIZES": {
                    "getchromsizes": 1.21
                },
                "FASTATOTWOBIT": {
                    "FaToTwoBit": "v2025-09-10"
                },
                "FILTER_UNDEFINED_STRAND": {
                    "gawk": "5.3.0"
                },
                "GFFCOMPARE": {
                    "gffcompare": "0.12.6"
                },
                "GUNZIP_FASTA": {
                    "gunzip": 1.13
                },
                "GUNZIP_GTF": {
                    "gunzip": 1.13
                },
                "R_MERGE_DENOVO_WITH_REF": {
                    "R": "4.4.3",
                    "RiboseQC": "0.99.0",
                    "GenomicFeatures": "1.58.0",
                    "AnnotationDbi": "1.68.0",
                    "viridis": "0.6.5",
                    "viridisLite": "0.4.2",
                    "ggpubr": "0.6.1",
                    "gridExtra": "2.3",
                    "DT": "0.34.0",
                    "knitr": "1.50",
                    "ggplot2": "4.0.0",
                    "reshape2": "1.4.4",
                    "devtools": "2.4.5",
                    "usethis": "3.2.1",
                    "GenomicFiles": "1.42.0",
                    "BiocParallel": "1.40.2",
                    "BSgenome": "1.74.0",
                    "BiocIO": "1.16.0",
                    "GenomicAlignments": "1.42.0",
                    "Rsamtools": "2.22.0",
                    "Biostrings": "2.74.1",
                    "XVector": "0.46.0",
                    "SummarizedExperiment": "1.36.0",
                    "Biobase": "2.66.0",
                    "MatrixGenerics": "1.18.1",
                    "matrixStats": "1.5.0",
                    "rtracklayer": "1.66.0",
                    "GenomicRanges": "1.58.0",
                    "GenomeInfoDb": "1.42.3",
                    "IRanges": "2.40.1",
                    "S4Vectors": "0.44.0",
                    "BiocGenerics": "0.52.0",
                    "rmarkdown": "2.29"
                },
                "R_MERGE_DENOVO_WITH_USER": {
                    "R": "4.4.3",
                    "RiboseQC": "0.99.0",
                    "GenomicFeatures": "1.58.0",
                    "AnnotationDbi": "1.68.0",
                    "viridis": "0.6.5",
                    "viridisLite": "0.4.2",
                    "ggpubr": "0.6.1",
                    "gridExtra": "2.3",
                    "DT": "0.34.0",
                    "knitr": "1.50",
                    "ggplot2": "4.0.0",
                    "reshape2": "1.4.4",
                    "devtools": "2.4.5",
                    "usethis": "3.2.1",
                    "GenomicFiles": "1.42.0",
                    "BiocParallel": "1.40.2",
                    "BSgenome": "1.74.0",
                    "BiocIO": "1.16.0",
                    "GenomicAlignments": "1.42.0",
                    "Rsamtools": "2.22.0",
                    "Biostrings": "2.74.1",
                    "XVector": "0.46.0",
                    "SummarizedExperiment": "1.36.0",
                    "Biobase": "2.66.0",
                    "MatrixGenerics": "1.18.1",
                    "matrixStats": "1.5.0",
                    "rtracklayer": "1.66.0",
                    "GenomicRanges": "1.58.0",
                    "GenomeInfoDb": "1.42.3",
                    "IRanges": "2.40.1",
                    "S4Vectors": "0.44.0",
                    "BiocGenerics": "0.52.0",
                    "rmarkdown": "2.29"
                },
                "SAMTOOLS_FLAGSTAT": {
                    "samtools": 1.21
                },
                "SAMTOOLS_IDXSTATS": {
                    "samtools": 1.21
                },
                "SAMTOOLS_INDEX": {
                    "samtools": 1.21
                },
                "SAMTOOLS_MERGE": {
                    "samtools": 1.21
                },
                "SAMTOOLS_SORT": {
                    "samtools": 1.21
                },
                "SAMTOOLS_STATS": {
                    "samtools": 1.21
                },
                "STAR_FIRST_ALIGN": {
                    "star": "2.7.11b",
                    "samtools": 1.21,
                    "gawk": "5.1.0"
                },
                "STAR_GENOMEGENERATE": {
                    "star": "2.7.11b",
                    "samtools": 1.21,
                    "gawk": "5.1.0"
                },
                "STAR_WITH_NOVEL_JUNCT": {
                    "star": "2.7.11b",
                    "samtools": 1.21,
                    "gawk": "5.1.0"
                },
                "STRINGTIE": {
                    "stringtie": "2.2.3"
                },
                "Workflow": {
                    "nfdata-omics/r2t2p": "v0.1.0dev"
                }
            },
            [
                "first_pass",
                "first_pass/firstpass_junctions.txt",
                "first_pass/rep1_0h",
                "first_pass/rep1_0h/rep1_0h.bam",
                "first_pass/rep1_0h/rep1_0h.bam.bai",
                "first_pass/rep1_0h/rep1_0h.first_pass.Log.final.out",
                "first_pass/rep1_0h/rep1_0h.first_pass.Log.out",
                "first_pass/rep1_0h/rep1_0h.first_pass.Log.progress.out",
                "first_pass/rep1_0h/rep1_0h.first_pass.SJ.out.tab",
                "first_pass/rep1_0h/rep1_0h.first_pass.flagstat",
                "first_pass/rep1_0h/rep1_0h.first_pass.idxstats",
                "first_pass/rep1_0h/rep1_0h.first_pass.stats",
                "first_pass/rep1_14h",
                "first_pass/rep1_14h/rep1_14h.bam",
                "first_pass/rep1_14h/rep1_14h.bam.bai",
                "first_pass/rep1_14h/rep1_14h.first_pass.Log.final.out",
                "first_pass/rep1_14h/rep1_14h.first_pass.Log.out",
                "first_pass/rep1_14h/rep1_14h.first_pass.Log.progress.out",
                "first_pass/rep1_14h/rep1_14h.first_pass.SJ.out.tab",
                "first_pass/rep1_14h/rep1_14h.first_pass.flagstat",
                "first_pass/rep1_14h/rep1_14h.first_pass.idxstats",
                "first_pass/rep1_14h/rep1_14h.first_pass.stats",
                "first_pass/rep2_0h",
                "first_pass/rep2_0h/rep2_0h.bam",
                "first_pass/rep2_0h/rep2_0h.bam.bai",
                "first_pass/rep2_0h/rep2_0h.first_pass.Log.final.out",
                "first_pass/rep2_0h/rep2_0h.first_pass.Log.out",
                "first_pass/rep2_0h/rep2_0h.first_pass.Log.progress.out",
                "first_pass/rep2_0h/rep2_0h.first_pass.SJ.out.tab",
                "first_pass/rep2_0h/rep2_0h.first_pass.flagstat",
                "first_pass/rep2_0h/rep2_0h.first_pass.idxstats",
                "first_pass/rep2_0h/rep2_0h.first_pass.stats",
                "first_pass/rep2_14h",
                "first_pass/rep2_14h/rep2_14h.bam",
                "first_pass/rep2_14h/rep2_14h.bam.bai",
                "first_pass/rep2_14h/rep2_14h.first_pass.Log.final.out",
                "first_pass/rep2_14h/rep2_14h.first_pass.Log.out",
                "first_pass/rep2_14h/rep2_14h.first_pass.Log.progress.out",
                "first_pass/rep2_14h/rep2_14h.first_pass.SJ.out.tab",
                "first_pass/rep2_14h/rep2_14h.first_pass.flagstat",
                "first_pass/rep2_14h/rep2_14h.first_pass.idxstats",
                "first_pass/rep2_14h/rep2_14h.first_pass.stats",
                "genome",
                "genome/star",
                "genome/star/Genome",
                "genome/star/Log.out",
                "genome/star/SA",
                "genome/star/SAindex",
                "genome/star/chrLength.txt",
                "genome/star/chrName.txt",
                "genome/star/chrNameLength.txt",
                "genome/star/chrStart.txt",
                "genome/star/genomeParameters.txt",
                "multiqc",
                "multiqc/multiqc_data",
                "multiqc/multiqc_data/gffcompare_accuracy_plot_Base-1.txt",
                "multiqc/multiqc_data/gffcompare_accuracy_plot_Base.txt",
                "multiqc/multiqc_data/gffcompare_accuracy_plot_Exon-1.txt",
                "multiqc/multiqc_data/gffcompare_accuracy_plot_Exon.txt",
                "multiqc/multiqc_data/gffcompare_accuracy_plot_Intron-1.txt",
                "multiqc/multiqc_data/gffcompare_accuracy_plot_Intron.txt",
                "multiqc/multiqc_data/gffcompare_accuracy_plot_Intron_chain-1.txt",
                "multiqc/multiqc_data/gffcompare_accuracy_plot_Intron_chain.txt",
                "multiqc/multiqc_data/gffcompare_accuracy_plot_Locus-1.txt",
                "multiqc/multiqc_data/gffcompare_accuracy_plot_Locus.txt",
                "multiqc/multiqc_data/gffcompare_accuracy_plot_Transcript-1.txt",
                "multiqc/multiqc_data/gffcompare_accuracy_plot_Transcript.txt",
                "multiqc/multiqc_data/gffcompare_missing_plot_Exons-1.txt",
                "multiqc/multiqc_data/gffcompare_missing_plot_Exons.txt",
                "multiqc/multiqc_data/gffcompare_missing_plot_Introns-1.txt",
                "multiqc/multiqc_data/gffcompare_missing_plot_Introns.txt",
                "multiqc/multiqc_data/gffcompare_missing_plot_Loci-1.txt",
                "multiqc/multiqc_data/gffcompare_missing_plot_Loci.txt",
                "multiqc/multiqc_data/gffcompare_novel_plot_Exons-1.txt",
                "multiqc/multiqc_data/gffcompare_novel_plot_Exons.txt",
                "multiqc/multiqc_data/gffcompare_novel_plot_Introns-1.txt",
                "multiqc/multiqc_data/gffcompare_novel_plot_Introns.txt",
                "multiqc/multiqc_data/gffcompare_novel_plot_Loci-1.txt",
                "multiqc/multiqc_data/gffcompare_novel_plot_Loci.txt",
                "multiqc/multiqc_data/llms-full.txt",
                "multiqc/multiqc_data/multiqc.log",
                "multiqc/multiqc_data/multiqc.parquet",
                "multiqc/multiqc_data/multiqc_citations.txt",
                "multiqc/multiqc_data/multiqc_data.json",
                "multiqc/multiqc_data/multiqc_general_stats.txt",
                "multiqc/multiqc_data/multiqc_gffcompare_gffcompare_reference.txt",
                "multiqc/multiqc_data/multiqc_gffcompare_gffcompare_user_provided.txt",
                "multiqc/multiqc_data/multiqc_samtools_flagstat_samtools_firstpass.txt",
                "multiqc/multiqc_data/multiqc_samtools_flagstat_samtools_secondpass.txt",
                "multiqc/multiqc_data/multiqc_samtools_idxstats_samtools_firstpass.txt",
                "multiqc/multiqc_data/multiqc_samtools_idxstats_samtools_secondpass.txt",
                "multiqc/multiqc_data/multiqc_samtools_stats_samtools_firstpass.txt",
                "multiqc/multiqc_data/multiqc_samtools_stats_samtools_secondpass.txt",
                "multiqc/multiqc_data/multiqc_software_versions.txt",
                "multiqc/multiqc_data/multiqc_sources.txt",
                "multiqc/multiqc_data/multiqc_star_star_firstpass.txt",
                "multiqc/multiqc_data/multiqc_star_star_secondpass.txt",
                "multiqc/multiqc_data/samtools-flagstat-pct-table.txt",
                "multiqc/multiqc_data/samtools-flagstat-table.txt",
                "multiqc/multiqc_data/samtools-idxstats-mapped-reads-plot_Normalised_Counts-1.txt",
                "multiqc/multiqc_data/samtools-idxstats-mapped-reads-plot_Normalised_Counts.txt",
                "multiqc/multiqc_data/samtools-idxstats-mapped-reads-plot_Observed_over_Expected_Counts-1.txt",
                "multiqc/multiqc_data/samtools-idxstats-mapped-reads-plot_Observed_over_Expected_Counts.txt",
                "multiqc/multiqc_data/samtools-idxstats-mapped-reads-plot_Raw_Counts-1.txt",
                "multiqc/multiqc_data/samtools-idxstats-mapped-reads-plot_Raw_Counts.txt",
                "multiqc/multiqc_data/samtools-stats-dp.txt",
                "multiqc/multiqc_data/samtools_alignment_plot.txt",
                "multiqc/multiqc_data/star_alignment_plot.txt",
                "multiqc/multiqc_data/star_summary_table.txt",
                "multiqc/multiqc_report.html",
                "pipeline_info",
                "pipeline_info/r2t2p_software_mqc_versions.yml",
                "second_pass",
                "second_pass/rep1_0h",
                "second_pass/rep1_0h/rep1_0h.bam",
                "second_pass/rep1_0h/rep1_0h.bam.bai",
                "second_pass/rep1_0h/rep1_0h.second_pass.Log.final.out",
                "second_pass/rep1_0h/rep1_0h.second_pass.Log.out",
                "second_pass/rep1_0h/rep1_0h.second_pass.Log.progress.out",
                "second_pass/rep1_0h/rep1_0h.second_pass.SJ.out.tab",
                "second_pass/rep1_0h/rep1_0h.second_pass.flagstat",
                "second_pass/rep1_0h/rep1_0h.second_pass.idxstats",
                "second_pass/rep1_0h/rep1_0h.second_pass.stats",
                "second_pass/rep1_14h",
                "second_pass/rep1_14h/rep1_14h.bam",
                "second_pass/rep1_14h/rep1_14h.bam.bai",
                "second_pass/rep1_14h/rep1_14h.second_pass.Log.final.out",
                "second_pass/rep1_14h/rep1_14h.second_pass.Log.out",
                "second_pass/rep1_14h/rep1_14h.second_pass.Log.progress.out",
                "second_pass/rep1_14h/rep1_14h.second_pass.SJ.out.tab",
                "second_pass/rep1_14h/rep1_14h.second_pass.flagstat",
                "second_pass/rep1_14h/rep1_14h.second_pass.idxstats",
                "second_pass/rep1_14h/rep1_14h.second_pass.stats",
                "second_pass/rep2_0h",
                "second_pass/rep2_0h/rep2_0h.bam",
                "second_pass/rep2_0h/rep2_0h.bam.bai",
                "second_pass/rep2_0h/rep2_0h.second_pass.Log.final.out",
                "second_pass/rep2_0h/rep2_0h.second_pass.Log.out",
                "second_pass/rep2_0h/rep2_0h.second_pass.Log.progress.out",
                "second_pass/rep2_0h/rep2_0h.second_pass.SJ.out.tab",
                "second_pass/rep2_0h/rep2_0h.second_pass.flagstat",
                "second_pass/rep2_0h/rep2_0h.second_pass.idxstats",
                "second_pass/rep2_0h/rep2_0h.second_pass.stats",
                "second_pass/rep2_14h",
                "second_pass/rep2_14h/rep2_14h.bam",
                "second_pass/rep2_14h/rep2_14h.bam.bai",
                "second_pass/rep2_14h/rep2_14h.second_pass.Log.final.out",
                "second_pass/rep2_14h/rep2_14h.second_pass.Log.out",
                "second_pass/rep2_14h/rep2_14h.second_pass.Log.progress.out",
                "second_pass/rep2_14h/rep2_14h.second_pass.SJ.out.tab",
                "second_pass/rep2_14h/rep2_14h.second_pass.flagstat",
                "second_pass/rep2_14h/rep2_14h.second_pass.idxstats",
                "second_pass/rep2_14h/rep2_14h.second_pass.stats",
                "transcriptome_assembly",
                "transcriptome_assembly/combined_new_annotated.gtf",
                "transcriptome_assembly/comp_denovo.annotated.gtf",
                "transcriptome_assembly/comp_denovo.comp_strg_user.merged_with_strg.gtf.refmap",
                "transcriptome_assembly/comp_denovo.comp_strg_user.merged_with_strg.gtf.tmap",
                "transcriptome_assembly/comp_denovo.loci",
                "transcriptome_assembly/comp_denovo.stats",
                "transcriptome_assembly/comp_denovo.tracking",
                "transcriptome_assembly/comp_denovo.transcripts_with_strand.gtf",
                "transcriptome_assembly/comp_denovo.transcripts_with_strand.gtf_stringtie.gtf",
                "transcriptome_assembly/comp_denovo.transcripts_with_strand.gtf_stringtie_Rannot",
                "transcriptome_assembly/merge_with_user_provided",
                "transcriptome_assembly/merge_with_user_provided/comp_strg_user.additional_annotation_chr19.gtf.refmap",
                "transcriptome_assembly/merge_with_user_provided/comp_strg_user.additional_annotation_chr19.gtf.tmap",
                "transcriptome_assembly/merge_with_user_provided/comp_strg_user.annotated.gtf",
                "transcriptome_assembly/merge_with_user_provided/comp_strg_user.loci",
                "transcriptome_assembly/merge_with_user_provided/comp_strg_user.merged_with_strg.gtf",
                "transcriptome_assembly/merge_with_user_provided/comp_strg_user.stats",
                "transcriptome_assembly/merge_with_user_provided/comp_strg_user.tracking",
                "transcriptome_assembly/merge_with_user_provided/comp_strg_user.transcripts_with_strand.gtf",
                "transcriptome_assembly/merge_with_user_provided/gene_ID_pairs.tsv",
                "transcriptome_assembly/merged_bams",
                "transcriptome_assembly/merged_bams/merged_bams.ballgown",
                "transcriptome_assembly/merged_bams/merged_bams.ballgown/e2t.ctab",
                "transcriptome_assembly/merged_bams/merged_bams.ballgown/e_data.ctab",
                "transcriptome_assembly/merged_bams/merged_bams.ballgown/i2t.ctab",
                "transcriptome_assembly/merged_bams/merged_bams.ballgown/i_data.ctab",
                "transcriptome_assembly/merged_bams/merged_bams.ballgown/t_data.ctab",
                "transcriptome_assembly/merged_bams/merged_bams.coverage.gtf",
                "transcriptome_assembly/merged_bams/merged_bams.gene.abundance.txt",
                "transcriptome_assembly/merged_bams/merged_bams.transcripts.gtf",
                "transcriptome_assembly/merged_bams/merged_bams.transcripts_with_strand.gtf"
            ],
            [
                "firstpass_junctions.txt:md5,3fdc362c533735d652064fe5f040bc15",
                "rep1_0h.bam:md5,ea29db9c2e90cf010214d5eeb7397dcc",
                "rep1_0h.bam.bai:md5,dcc0274fdfa33ea853ece907ab41b3d9",
                "rep1_0h.first_pass.SJ.out.tab:md5,2ecf9bed12125e30659df97eb906cb61",
                "rep1_0h.first_pass.flagstat:md5,a1cdfafa6ee308673884abd5d93452c2",
                "rep1_0h.first_pass.idxstats:md5,141b61d697da8bbcbfcfb7d50eafc3d8",
                "rep1_0h.first_pass.stats:md5,3a930f715623ffda2260c0ab87c74846",
                "rep1_14h.bam:md5,0386d762b7b9c05f79d5196a2dbba589",
                "rep1_14h.bam.bai:md5,1682ff60907d888f0d8b13d0a2689a5c",
                "rep1_14h.first_pass.SJ.out.tab:md5,da165ff14daedb342949468c08e3ee8c",
                "rep1_14h.first_pass.flagstat:md5,1f65fbfde8cb6cc5948da2c484bcb69d",
                "rep1_14h.first_pass.idxstats:md5,ad32b6ddabaef1c24b981954a4a406d0",
                "rep1_14h.first_pass.stats:md5,aeba336487a1ac3125e1dd48fce3fef9",
                "rep2_0h.bam:md5,f43d8f959171e492a939a84dcf613544",
                "rep2_0h.bam.bai:md5,0410f1d9899fc4c6e4edcd90c869d0c3",
                "rep2_0h.first_pass.SJ.out.tab:md5,c3c0b462e9d513184f361fc3b59b708f",
                "rep2_0h.first_pass.flagstat:md5,5cf93b23813c3148033e7e00f97f4245",
                "rep2_0h.first_pass.idxstats:md5,ade156fb8b09a684411d8b4e8d0e8933",
                "rep2_0h.first_pass.stats:md5,8ad836830a0616e4c1d42fd13a361e9b",
                "rep2_14h.bam:md5,67e8bc1235ffab8e6fa878195f88c802",
                "rep2_14h.bam.bai:md5,0168f0ab1f8c8c7dcf62990c41f7baa1",
                "rep2_14h.first_pass.SJ.out.tab:md5,8431e05dc35f95e94b7a0d59e08763cf",
                "rep2_14h.first_pass.flagstat:md5,0e72565882952ae6c050f074c60673ac",
                "rep2_14h.first_pass.idxstats:md5,f718b73ce173153b4141118e87a96ddc",
                "rep2_14h.first_pass.stats:md5,9db3229b25efffc792541f4411fc063e",
                "Genome:md5,947e29efcc9481b6ce78a5fc6ae049d5",
                "SA:md5,9cb25b177607dab2c142265ca1ffec81",
                "SAindex:md5,221d4c0ff248d60f361f7defe3ea1088",
                "chrLength.txt:md5,3985af12d1d2b4b5564e261d4093584a",
                "chrName.txt:md5,255cdc5fefdc3ff84cfe3f3270ab8fed",
                "chrNameLength.txt:md5,aa5d90ced4f463ebf5b910453d54b646",
                "chrStart.txt:md5,cd40130bb374856a16e5d0898df43791",
                "genomeParameters.txt:md5,19c78a72df00713ca72eeacdc14473f3",
                "gffcompare_accuracy_plot_Base-1.txt:md5,9e1e18a60cb0b17b945fb7bfcb796c14",
                "gffcompare_accuracy_plot_Base.txt:md5,60822a88ebb95569d0201ad1bec856bb",
                "gffcompare_accuracy_plot_Exon-1.txt:md5,52c6caeb5d73da10a04ac971bc24201c",
                "gffcompare_accuracy_plot_Exon.txt:md5,0e1b51d080561b55f61dbe409cf83db1",
                "gffcompare_accuracy_plot_Intron-1.txt:md5,af8f44e2921037336e42b1a58b45c49c",
                "gffcompare_accuracy_plot_Intron.txt:md5,856276f49186f1127a561a4099ca3021",
                "gffcompare_accuracy_plot_Intron_chain-1.txt:md5,0ffd3ed12a60b8a258a6386c8db242f4",
                "gffcompare_accuracy_plot_Intron_chain.txt:md5,d0ef177d56c1232df00851487689872a",
                "gffcompare_accuracy_plot_Locus-1.txt:md5,4b02a2b76f4af615e1a8495240ae1085",
                "gffcompare_accuracy_plot_Locus.txt:md5,1fa39890787d1fc363db54870985138e",
                "gffcompare_accuracy_plot_Transcript-1.txt:md5,dda05c303cd25d2da183cd138a1dbb91",
                "gffcompare_accuracy_plot_Transcript.txt:md5,59c8169f7c3438f264864ebfa69aa447",
                "gffcompare_missing_plot_Exons-1.txt:md5,56195cac632122cc8aaab385844c3fd5",
                "gffcompare_missing_plot_Exons.txt:md5,ae5d4c3ed3bb5543b8a6ad02514e3010",
                "gffcompare_missing_plot_Introns-1.txt:md5,26fac9c9e03d787d7f0bcc22b11a928d",
                "gffcompare_missing_plot_Introns.txt:md5,65703690c2e3f90d7ad5613cd20f7083",
                "gffcompare_missing_plot_Loci-1.txt:md5,9f4b4b570fc9e904efc0aa73c2a4fcf0",
                "gffcompare_missing_plot_Loci.txt:md5,9f1d712c276f2e4dd192f883d1d56a6e",
                "gffcompare_novel_plot_Exons-1.txt:md5,d2980cbe3aa4d14c021c90a7714330af",
                "gffcompare_novel_plot_Exons.txt:md5,8d227e26ef7f3ce3544b32adcbe7b7a2",
                "gffcompare_novel_plot_Introns-1.txt:md5,369076fe194dbf167a9a96e58bccb129",
                "gffcompare_novel_plot_Introns.txt:md5,b23b18d07733b580b446460cde7ad790",
                "gffcompare_novel_plot_Loci-1.txt:md5,4ddcb925847abe638a76cd834dda666b",
                "gffcompare_novel_plot_Loci.txt:md5,22b61cfd2803722401b0dde41f4dafd5",
                "multiqc_citations.txt:md5,d20b7c60883a7b6abda47318274aac0b",
                "multiqc_general_stats.txt:md5,46936531bfc7ca0c20cd402b32faa44c",
                "multiqc_gffcompare_gffcompare_reference.txt:md5,b80f81bfcaf6ab9622994a10a390d2a2",
                "multiqc_gffcompare_gffcompare_user_provided.txt:md5,f80948c014804b757311bfb5f2efe00f",
                "multiqc_samtools_flagstat_samtools_firstpass.txt:md5,7eff3fc38097a24966c1a91cb432788a",
                "multiqc_samtools_flagstat_samtools_secondpass.txt:md5,65ed6d1ab1617a72446ecfe3dd603774",
                "multiqc_samtools_idxstats_samtools_firstpass.txt:md5,d3d88a4eacb253c8d634b75f1cf43533",
                "multiqc_samtools_idxstats_samtools_secondpass.txt:md5,6228e8123f716634eab92ca0f4a8b90f",
                "multiqc_samtools_stats_samtools_firstpass.txt:md5,1cf980599a7c04bd68a0c6011b628f71",
                "multiqc_samtools_stats_samtools_secondpass.txt:md5,475ebf1e5f1a65b68ddea92c03c4db84",
                "multiqc_star_star_firstpass.txt:md5,b167aeb77f044e556251f914af72b102",
                "multiqc_star_star_secondpass.txt:md5,769e3ec222e37ff400ac08ef430864a1",
                "samtools-flagstat-pct-table.txt:md5,36e6e3f2d16ed4734b85318c54ca14e1",
                "samtools-flagstat-table.txt:md5,1341b839383af165f33668c56aad9908",
                "samtools-idxstats-mapped-reads-plot_Normalised_Counts-1.txt:md5,6a15c22bbf4b975b1f071e996f321f52",
                "samtools-idxstats-mapped-reads-plot_Normalised_Counts.txt:md5,e590605ce454e629aeb17951d1f850c9",
                "samtools-idxstats-mapped-reads-plot_Observed_over_Expected_Counts-1.txt:md5,6a15c22bbf4b975b1f071e996f321f52",
                "samtools-idxstats-mapped-reads-plot_Observed_over_Expected_Counts.txt:md5,e590605ce454e629aeb17951d1f850c9",
                "samtools-idxstats-mapped-reads-plot_Raw_Counts-1.txt:md5,2bdc05460d7063cdaf981007f8a3f54d",
                "samtools-idxstats-mapped-reads-plot_Raw_Counts.txt:md5,696d064c5a8c37ea77f3b9eb0dedf0d7",
                "samtools-stats-dp.txt:md5,adefa1799d5593863e1d1702e8345fb1",
                "samtools_alignment_plot.txt:md5,5e4a5610045b37fd89d49ffd5809ed15",
                "star_alignment_plot.txt:md5,b854277dc30f839cab102bc0633f992e",
                "star_summary_table.txt:md5,1b4c1de483ad1964837702b4a492bbea",
                "rep1_0h.bam:md5,39ba72731d5ea338fe8183cd3f298817",
                "rep1_0h.bam.bai:md5,a8981be8003b35485d4e3782aa567a09",
                "rep1_0h.second_pass.SJ.out.tab:md5,7dcd50d9c864636b34988619e2caece4",
                "rep1_0h.second_pass.flagstat:md5,d521944f9285878df790db9aa2b24bc8",
                "rep1_0h.second_pass.idxstats:md5,db0398aae9eea897232b51ae02757e17",
                "rep1_0h.second_pass.stats:md5,b6faeb4fce718da1e185727693c379f9",
                "rep1_14h.bam:md5,882ccbbc78b02c3d6a06b13226a23fc9",
                "rep1_14h.bam.bai:md5,4ae64f845bf5ef533bf51cbe3e2b0659",
                "rep1_14h.second_pass.SJ.out.tab:md5,ba9e858ccb480850d4f85fd07699cd1f",
                "rep1_14h.second_pass.flagstat:md5,b6ff1a9f6cabc5d35d8d1d6eaff85b87",
                "rep1_14h.second_pass.idxstats:md5,e0ce52633dc5db7e641dfc3ea4a6c9c4",
                "rep1_14h.second_pass.stats:md5,00141d59761c4df254189144eeabada2",
                "rep2_0h.bam:md5,36268355558401c72f40a5f27bd5e4ef",
                "rep2_0h.bam.bai:md5,abe44998ca0f0e60ceb4bcb440be5227",
                "rep2_0h.second_pass.SJ.out.tab:md5,891f27836effea42a6cf224c9b2dd9d6",
                "rep2_0h.second_pass.flagstat:md5,b560654b69deae464ac1572a054d02de",
                "rep2_0h.second_pass.idxstats:md5,c6f1237772e21ff3780841d721c9ec27",
                "rep2_0h.second_pass.stats:md5,341572e0c37d46a893a1b95ea6b6e3b4",
                "rep2_14h.bam:md5,35ee6983c2c3e4b905e41eabcd6b867a",
                "rep2_14h.bam.bai:md5,0a70fa9b36cb7a31f26e10c533542c81",
                "rep2_14h.second_pass.SJ.out.tab:md5,bcf7dd42933f1d9571282f9c11e5c224",
                "rep2_14h.second_pass.flagstat:md5,d58b02fbbac6aa0e557e4a73603f5a2d",
                "rep2_14h.second_pass.idxstats:md5,6d3e568d4fbeb258b9bcc08fbea7f9c0",
                "rep2_14h.second_pass.stats:md5,5ee117437c524f1608a2d55421034e83",
                "combined_new_annotated.gtf:md5,23f5da66ad6304cc9651249043f1274a",
                "comp_denovo.annotated.gtf:md5,0c51e6d0fb337c62abe361a1b6e9c02d",
                "comp_denovo.comp_strg_user.merged_with_strg.gtf.refmap:md5,a4556fdda7e102e501648d861bf0bdbb",
                "comp_denovo.comp_strg_user.merged_with_strg.gtf.tmap:md5,1c85e729962d7a6ff8dcfefc80dcf059",
                "comp_denovo.loci:md5,9f94dd5cd333e73cdbfb9104e5fd2ef8",
                "comp_denovo.stats:md5,5361c5367f08e8d77a48e5912b4381d0",
                "comp_denovo.tracking:md5,fa031423160666bd7b65169f7c801fd5",
                "comp_denovo.transcripts_with_strand.gtf:md5,0c51e6d0fb337c62abe361a1b6e9c02d",
                "comp_denovo.transcripts_with_strand.gtf_stringtie.gtf:md5,e105e7bd714dcc5c9b17b705e63e43cb",
                "comp_strg_user.additional_annotation_chr19.gtf.refmap:md5,079061ded06fba56372478359b0264c9",
                "comp_strg_user.additional_annotation_chr19.gtf.tmap:md5,9bc5eece7ba4d3446a4228f4b2e57441",
                "comp_strg_user.annotated.gtf:md5,ed6ef05d5e4528f948c73671e45d1f0e",
                "comp_strg_user.loci:md5,ff555af6870b676436105efbc96ab987",
                "comp_strg_user.merged_with_strg.gtf:md5,a3c9555acca55c62057e79f13630e6fb",
                "comp_strg_user.stats:md5,70c62e14a31405d30fbb273922a682cf",
                "comp_strg_user.tracking:md5,a9957c8e763a53c99f907a1dc76bd490",
                "comp_strg_user.transcripts_with_strand.gtf:md5,ed6ef05d5e4528f948c73671e45d1f0e",
                "gene_ID_pairs.tsv:md5,af7d2dfaf2ba329b00c2da89c31b3ecb",
                "e2t.ctab:md5,b48f6b8424fe5adbab388e096fd3b635",
                "i2t.ctab:md5,54feb120633241de590bd7c1d1ac3769",
                "i_data.ctab:md5,5b7b34d07b2540bf480e5ccaf3356be3",
                "merged_bams.coverage.gtf:md5,0405255d053acc704ec08e58224888cf"
            ]
        ],
        "meta": {
            "nf-test": "0.9.2",
            "nextflow": "25.04.8"
        },
        "timestamp": "2025-11-10T17:34:02.416995782"
    }
}